<?xml version="1.0"?>
<link_info>
   <banner>MSP430 Linker PC v15.12.3.LTS</banner>
   <copyright>Copyright (c) 2003-2015 Texas Instruments Incorporated</copyright>
   <link_time>0x5e67d702</link_time>
   <link_errors>0x0</link_errors>
   <output_file>msp430_data_logger.out</output_file>
   <entry_point>
      <name>_c_int00_noargs_noexit</name>
      <address>0x3100</address>
   </entry_point>
   <input_file_list>
      <input_file id="fl-2">
         <path>.\</path>
         <kind>object</kind>
         <file>bmp280.obj</file>
         <name>bmp280.obj</name>
      </input_file>
      <input_file id="fl-3">
         <path>.\</path>
         <kind>object</kind>
         <file>dht11.obj</file>
         <name>dht11.obj</name>
      </input_file>
      <input_file id="fl-4">
         <path>.\</path>
         <kind>object</kind>
         <file>i2c.obj</file>
         <name>i2c.obj</name>
      </input_file>
      <input_file id="fl-5">
         <path>.\</path>
         <kind>object</kind>
         <file>lcd.obj</file>
         <name>lcd.obj</name>
      </input_file>
      <input_file id="fl-6">
         <path>.\</path>
         <kind>object</kind>
         <file>main.obj</file>
         <name>main.obj</name>
      </input_file>
      <input_file id="fl-7">
         <path>.\</path>
         <kind>object</kind>
         <file>timer.obj</file>
         <name>timer.obj</name>
      </input_file>
      <input_file id="fl-8">
         <path>.\</path>
         <kind>object</kind>
         <file>uart.obj</file>
         <name>uart.obj</name>
      </input_file>
      <input_file id="fl-9">
         <path>.\</path>
         <kind>object</kind>
         <file>wifi.obj</file>
         <name>wifi.obj</name>
      </input_file>
      <input_file id="fl-24">
         <path>C:\ti\ccsv6\tools\compiler\msp430_15.12.3.LTS\lib\</path>
         <kind>archive</kind>
         <file>rts430x_lc_rd_eabi.lib</file>
         <name>asr32.obj</name>
      </input_file>
      <input_file id="fl-25">
         <path>C:\ti\ccsv6\tools\compiler\msp430_15.12.3.LTS\lib\</path>
         <kind>archive</kind>
         <file>rts430x_lc_rd_eabi.lib</file>
         <name>boot.obj</name>
      </input_file>
      <input_file id="fl-26">
         <path>C:\ti\ccsv6\tools\compiler\msp430_15.12.3.LTS\lib\</path>
         <kind>archive</kind>
         <file>rts430x_lc_rd_eabi.lib</file>
         <name>boot_special.obj</name>
      </input_file>
      <input_file id="fl-27">
         <path>C:\ti\ccsv6\tools\compiler\msp430_15.12.3.LTS\lib\</path>
         <kind>archive</kind>
         <file>rts430x_lc_rd_eabi.lib</file>
         <name>copy_decompress_none.obj</name>
      </input_file>
      <input_file id="fl-28">
         <path>C:\ti\ccsv6\tools\compiler\msp430_15.12.3.LTS\lib\</path>
         <kind>archive</kind>
         <file>rts430x_lc_rd_eabi.lib</file>
         <name>copy_decompress_rle.obj</name>
      </input_file>
      <input_file id="fl-29">
         <path>C:\ti\ccsv6\tools\compiler\msp430_15.12.3.LTS\lib\</path>
         <kind>archive</kind>
         <file>rts430x_lc_rd_eabi.lib</file>
         <name>copy_zero_init.obj</name>
      </input_file>
      <input_file id="fl-2a">
         <path>C:\ti\ccsv6\tools\compiler\msp430_15.12.3.LTS\lib\</path>
         <kind>archive</kind>
         <file>rts430x_lc_rd_eabi.lib</file>
         <name>div16s.obj</name>
      </input_file>
      <input_file id="fl-2b">
         <path>C:\ti\ccsv6\tools\compiler\msp430_15.12.3.LTS\lib\</path>
         <kind>archive</kind>
         <file>rts430x_lc_rd_eabi.lib</file>
         <name>div16u.obj</name>
      </input_file>
      <input_file id="fl-2c">
         <path>C:\ti\ccsv6\tools\compiler\msp430_15.12.3.LTS\lib\</path>
         <kind>archive</kind>
         <file>rts430x_lc_rd_eabi.lib</file>
         <name>div32s.obj</name>
      </input_file>
      <input_file id="fl-2d">
         <path>C:\ti\ccsv6\tools\compiler\msp430_15.12.3.LTS\lib\</path>
         <kind>archive</kind>
         <file>rts430x_lc_rd_eabi.lib</file>
         <name>div32u.obj</name>
      </input_file>
      <input_file id="fl-2e">
         <path>C:\ti\ccsv6\tools\compiler\msp430_15.12.3.LTS\lib\</path>
         <kind>archive</kind>
         <file>rts430x_lc_rd_eabi.lib</file>
         <name>exit.obj</name>
      </input_file>
      <input_file id="fl-2f">
         <path>C:\ti\ccsv6\tools\compiler\msp430_15.12.3.LTS\lib\</path>
         <kind>archive</kind>
         <file>rts430x_lc_rd_eabi.lib</file>
         <name>exit_gvars.obj</name>
      </input_file>
      <input_file id="fl-30">
         <path>C:\ti\ccsv6\tools\compiler\msp430_15.12.3.LTS\lib\</path>
         <kind>archive</kind>
         <file>rts430x_lc_rd_eabi.lib</file>
         <name>int14.obj</name>
      </input_file>
      <input_file id="fl-31">
         <path>C:\ti\ccsv6\tools\compiler\msp430_15.12.3.LTS\lib\</path>
         <kind>archive</kind>
         <file>rts430x_lc_rd_eabi.lib</file>
         <name>int15.obj</name>
      </input_file>
      <input_file id="fl-32">
         <path>C:\ti\ccsv6\tools\compiler\msp430_15.12.3.LTS\lib\</path>
         <kind>archive</kind>
         <file>rts430x_lc_rd_eabi.lib</file>
         <name>int17.obj</name>
      </input_file>
      <input_file id="fl-33">
         <path>C:\ti\ccsv6\tools\compiler\msp430_15.12.3.LTS\lib\</path>
         <kind>archive</kind>
         <file>rts430x_lc_rd_eabi.lib</file>
         <name>int18.obj</name>
      </input_file>
      <input_file id="fl-34">
         <path>C:\ti\ccsv6\tools\compiler\msp430_15.12.3.LTS\lib\</path>
         <kind>archive</kind>
         <file>rts430x_lc_rd_eabi.lib</file>
         <name>int19.obj</name>
      </input_file>
      <input_file id="fl-35">
         <path>C:\ti\ccsv6\tools\compiler\msp430_15.12.3.LTS\lib\</path>
         <kind>archive</kind>
         <file>rts430x_lc_rd_eabi.lib</file>
         <name>int20.obj</name>
      </input_file>
      <input_file id="fl-36">
         <path>C:\ti\ccsv6\tools\compiler\msp430_15.12.3.LTS\lib\</path>
         <kind>archive</kind>
         <file>rts430x_lc_rd_eabi.lib</file>
         <name>int21.obj</name>
      </input_file>
      <input_file id="fl-37">
         <path>C:\ti\ccsv6\tools\compiler\msp430_15.12.3.LTS\lib\</path>
         <kind>archive</kind>
         <file>rts430x_lc_rd_eabi.lib</file>
         <name>int22.obj</name>
      </input_file>
      <input_file id="fl-38">
         <path>C:\ti\ccsv6\tools\compiler\msp430_15.12.3.LTS\lib\</path>
         <kind>archive</kind>
         <file>rts430x_lc_rd_eabi.lib</file>
         <name>int23.obj</name>
      </input_file>
      <input_file id="fl-39">
         <path>C:\ti\ccsv6\tools\compiler\msp430_15.12.3.LTS\lib\</path>
         <kind>archive</kind>
         <file>rts430x_lc_rd_eabi.lib</file>
         <name>int24.obj</name>
      </input_file>
      <input_file id="fl-3a">
         <path>C:\ti\ccsv6\tools\compiler\msp430_15.12.3.LTS\lib\</path>
         <kind>archive</kind>
         <file>rts430x_lc_rd_eabi.lib</file>
         <name>int25.obj</name>
      </input_file>
      <input_file id="fl-3b">
         <path>C:\ti\ccsv6\tools\compiler\msp430_15.12.3.LTS\lib\</path>
         <kind>archive</kind>
         <file>rts430x_lc_rd_eabi.lib</file>
         <name>int26.obj</name>
      </input_file>
      <input_file id="fl-3c">
         <path>C:\ti\ccsv6\tools\compiler\msp430_15.12.3.LTS\lib\</path>
         <kind>archive</kind>
         <file>rts430x_lc_rd_eabi.lib</file>
         <name>int27.obj</name>
      </input_file>
      <input_file id="fl-3d">
         <path>C:\ti\ccsv6\tools\compiler\msp430_15.12.3.LTS\lib\</path>
         <kind>archive</kind>
         <file>rts430x_lc_rd_eabi.lib</file>
         <name>int28.obj</name>
      </input_file>
      <input_file id="fl-3e">
         <path>C:\ti\ccsv6\tools\compiler\msp430_15.12.3.LTS\lib\</path>
         <kind>archive</kind>
         <file>rts430x_lc_rd_eabi.lib</file>
         <name>int29.obj</name>
      </input_file>
      <input_file id="fl-3f">
         <path>C:\ti\ccsv6\tools\compiler\msp430_15.12.3.LTS\lib\</path>
         <kind>archive</kind>
         <file>rts430x_lc_rd_eabi.lib</file>
         <name>int30.obj</name>
      </input_file>
      <input_file id="fl-40">
         <path>C:\ti\ccsv6\tools\compiler\msp430_15.12.3.LTS\lib\</path>
         <kind>archive</kind>
         <file>rts430x_lc_rd_eabi.lib</file>
         <name>isr_trap.obj</name>
      </input_file>
      <input_file id="fl-41">
         <path>C:\ti\ccsv6\tools\compiler\msp430_15.12.3.LTS\lib\</path>
         <kind>archive</kind>
         <file>rts430x_lc_rd_eabi.lib</file>
         <name>lsl32.obj</name>
      </input_file>
      <input_file id="fl-42">
         <path>C:\ti\ccsv6\tools\compiler\msp430_15.12.3.LTS\lib\</path>
         <kind>archive</kind>
         <file>rts430x_lc_rd_eabi.lib</file>
         <name>lsr32.obj</name>
      </input_file>
      <input_file id="fl-43">
         <path>C:\ti\ccsv6\tools\compiler\msp430_15.12.3.LTS\lib\</path>
         <kind>archive</kind>
         <file>rts430x_lc_rd_eabi.lib</file>
         <name>lsr64.obj</name>
      </input_file>
      <input_file id="fl-44">
         <path>C:\ti\ccsv6\tools\compiler\msp430_15.12.3.LTS\lib\</path>
         <kind>archive</kind>
         <file>rts430x_lc_rd_eabi.lib</file>
         <name>memcpy.obj</name>
      </input_file>
      <input_file id="fl-45">
         <path>C:\ti\ccsv6\tools\compiler\msp430_15.12.3.LTS\lib\</path>
         <kind>archive</kind>
         <file>rts430x_lc_rd_eabi.lib</file>
         <name>mpu_init.obj</name>
      </input_file>
      <input_file id="fl-46">
         <path>C:\ti\ccsv6\tools\compiler\msp430_15.12.3.LTS\lib\</path>
         <kind>archive</kind>
         <file>rts430x_lc_rd_eabi.lib</file>
         <name>mult1632_hw.obj</name>
      </input_file>
      <input_file id="fl-47">
         <path>C:\ti\ccsv6\tools\compiler\msp430_15.12.3.LTS\lib\</path>
         <kind>archive</kind>
         <file>rts430x_lc_rd_eabi.lib</file>
         <name>mult16_hw.obj</name>
      </input_file>
      <input_file id="fl-48">
         <path>C:\ti\ccsv6\tools\compiler\msp430_15.12.3.LTS\lib\</path>
         <kind>archive</kind>
         <file>rts430x_lc_rd_eabi.lib</file>
         <name>mult32.obj</name>
      </input_file>
      <input_file id="fl-49">
         <path>C:\ti\ccsv6\tools\compiler\msp430_15.12.3.LTS\lib\</path>
         <kind>archive</kind>
         <file>rts430x_lc_rd_eabi.lib</file>
         <name>mult3264_hw.obj</name>
      </input_file>
      <input_file id="fl-4a">
         <path>C:\ti\ccsv6\tools\compiler\msp430_15.12.3.LTS\lib\</path>
         <kind>archive</kind>
         <file>rts430x_lc_rd_eabi.lib</file>
         <name>mult32_hw.obj</name>
      </input_file>
      <input_file id="fl-4b">
         <path>C:\ti\ccsv6\tools\compiler\msp430_15.12.3.LTS\lib\</path>
         <kind>archive</kind>
         <file>rts430x_lc_rd_eabi.lib</file>
         <name>mult64_hw.obj</name>
      </input_file>
      <input_file id="fl-4c">
         <path>C:\ti\ccsv6\tools\compiler\msp430_15.12.3.LTS\lib\</path>
         <kind>archive</kind>
         <file>rts430x_lc_rd_eabi.lib</file>
         <name>pre_init.obj</name>
      </input_file>
      <input_file id="fl-4d">
         <path>C:\ti\ccsv6\tools\compiler\msp430_15.12.3.LTS\lib\</path>
         <kind>archive</kind>
         <file>rts430x_lc_rd_eabi.lib</file>
         <name>_lock.obj</name>
      </input_file>
      <input_file id="fl-4e">
         <path>C:\ti\ccsv6\tools\compiler\msp430_15.12.3.LTS\lib\</path>
         <kind>archive</kind>
         <file>rts430x_lc_rd_eabi.lib</file>
         <name>args_main.obj</name>
      </input_file>
      <input_file id="fl-4f">
         <path>C:\ti\ccsv6\tools\compiler\msp430_15.12.3.LTS\lib\</path>
         <kind>archive</kind>
         <file>rts430x_lc_rd_eabi.lib</file>
         <name>autoinit_wdt.obj</name>
      </input_file>
      <input_file id="fl-50">
         <path>C:\ti\ccsv6\tools\compiler\msp430_15.12.3.LTS\lib\</path>
         <kind>archive</kind>
         <file>rts430x_lc_rd_eabi.lib</file>
         <name>cpy_tbl.obj</name>
      </input_file>
      <input_file id="fl-51">
         <path>C:\ti\ccsv6\tools\compiler\msp430_15.12.3.LTS\lib\</path>
         <kind>archive</kind>
         <file>rts430x_lc_rd_eabi.lib</file>
         <name>mult16.obj</name>
      </input_file>
      <input_file id="fl-52">
         <path>C:\ti\ccsv6\tools\compiler\msp430_15.12.3.LTS\lib\</path>
         <kind>archive</kind>
         <file>rts430x_lc_rd_eabi.lib</file>
         <name>startup.obj</name>
      </input_file>
   </input_file_list>
   <object_component_list>
      <object_component id="oc-36d">
         <name>.bss:cal</name>
         <uninitialized>true</uninitialized>
         <run_address>0x1100</run_address>
         <size>0x1a</size>
         <input_file_ref idref="fl-2"/>
      </object_component>
      <object_component id="oc-318">
         <name>.bss:meas</name>
         <uninitialized>true</uninitialized>
         <run_address>0x111a</run_address>
         <size>0x8</size>
         <input_file_ref idref="fl-2"/>
      </object_component>
      <object_component id="oc-29e">
         <name>.data</name>
         <load_address>0x1126</load_address>
         <run_address>0x1126</run_address>
         <size>0x1</size>
         <input_file_ref idref="fl-6"/>
      </object_component>
      <object_component id="oc-219">
         <name>.data</name>
         <load_address>0x1122</load_address>
         <run_address>0x1122</run_address>
         <size>0x4</size>
         <input_file_ref idref="fl-7"/>
      </object_component>
      <object_component id="oc-19c">
         <name>.stack</name>
         <uninitialized>true</uninitialized>
         <run_address>0x30b0</run_address>
         <size>0x4</size>
         <input_file_ref idref="fl-25"/>
      </object_component>
      <object_component id="oc-411">
         <name>.stack</name>
         <uninitialized>true</uninitialized>
         <run_address>0x30b0</run_address>
         <size>0x0</size>
      </object_component>
      <object_component id="oc-312">
         <name>.text:bmp280_compute_compensation</name>
         <load_address>0x10000</load_address>
         <run_address>0x10000</run_address>
         <size>0x2aa</size>
         <input_file_ref idref="fl-2"/>
      </object_component>
      <object_component id="oc-1ec">
         <name>.text:main</name>
         <load_address>0x102aa</load_address>
         <run_address>0x102aa</run_address>
         <size>0x264</size>
         <input_file_ref idref="fl-6"/>
      </object_component>
      <object_component id="oc-337">
         <name>.text:usart1_put_s32</name>
         <load_address>0x1050e</load_address>
         <run_address>0x1050e</run_address>
         <size>0x178</size>
         <input_file_ref idref="fl-8"/>
      </object_component>
      <object_component id="oc-30c">
         <name>.text:bmp280_read_registers</name>
         <load_address>0x10686</load_address>
         <run_address>0x10686</run_address>
         <size>0xbe</size>
         <input_file_ref idref="fl-2"/>
      </object_component>
      <object_component id="oc-1d2">
         <name>.text:_auto_init_hold_wdt</name>
         <load_address>0x10744</load_address>
         <run_address>0x10744</run_address>
         <size>0x82</size>
         <input_file_ref idref="fl-4f"/>
      </object_component>
      <object_component id="oc-2a1">
         <name>.text:wifi_send_data_frame</name>
         <load_address>0x107c6</load_address>
         <run_address>0x107c6</run_address>
         <size>0x6e</size>
         <input_file_ref idref="fl-9"/>
      </object_component>
      <object_component id="oc-1ad">
         <name>.text:__TI_decompress_rle_core</name>
         <load_address>0x10834</load_address>
         <run_address>0x10834</run_address>
         <size>0x68</size>
         <input_file_ref idref="fl-28"/>
      </object_component>
      <object_component id="oc-220">
         <name>.text:copy_in</name>
         <load_address>0x1089c</load_address>
         <run_address>0x1089c</run_address>
         <size>0x66</size>
         <input_file_ref idref="fl-50"/>
      </object_component>
      <object_component id="oc-2ff">
         <name>.text:dht11_get_data_frame</name>
         <load_address>0x10902</load_address>
         <run_address>0x10902</run_address>
         <size>0x62</size>
         <input_file_ref idref="fl-3"/>
      </object_component>
      <object_component id="oc-271">
         <name>.text:dht11_get_measurements</name>
         <load_address>0x10964</load_address>
         <run_address>0x10964</run_address>
         <size>0x58</size>
         <input_file_ref idref="fl-3"/>
      </object_component>
      <object_component id="oc-28f">
         <name>.text</name>
         <load_address>0x109bc</load_address>
         <run_address>0x109bc</run_address>
         <size>0x58</size>
         <input_file_ref idref="fl-2d"/>
      </object_component>
      <object_component id="oc-305">
         <name>.text:dht11_check_checksum</name>
         <load_address>0x10a14</load_address>
         <run_address>0x10a14</run_address>
         <size>0x52</size>
         <input_file_ref idref="fl-3"/>
      </object_component>
      <object_component id="oc-2f6">
         <name>.text:bmp280_read_calibration</name>
         <load_address>0x10a66</load_address>
         <run_address>0x10a66</run_address>
         <size>0x4e</size>
         <input_file_ref idref="fl-2"/>
      </object_component>
      <object_component id="oc-289">
         <name>.text:lcd_special_char</name>
         <load_address>0x10ab4</load_address>
         <run_address>0x10ab4</run_address>
         <size>0x44</size>
         <input_file_ref idref="fl-5"/>
      </object_component>
      <object_component id="oc-299">
         <name>.text</name>
         <load_address>0x10af8</load_address>
         <run_address>0x10af8</run_address>
         <size>0x40</size>
         <input_file_ref idref="fl-2c"/>
      </object_component>
      <object_component id="oc-371">
         <name>.text:dht11_reset</name>
         <load_address>0x10b38</load_address>
         <run_address>0x10b38</run_address>
         <size>0x3e</size>
         <input_file_ref idref="fl-3"/>
      </object_component>
      <object_component id="oc-386">
         <name>.text:l_asr_const</name>
         <load_address>0x10b76</load_address>
         <run_address>0x10b76</run_address>
         <size>0x3e</size>
         <input_file_ref idref="fl-24"/>
      </object_component>
      <object_component id="oc-380">
         <name>.text:l_lsl_const</name>
         <load_address>0x10bb4</load_address>
         <run_address>0x10bb4</run_address>
         <size>0x3e</size>
         <input_file_ref idref="fl-41"/>
      </object_component>
      <object_component id="oc-390">
         <name>.text:l_lsr_const</name>
         <load_address>0x10bf2</load_address>
         <run_address>0x10bf2</run_address>
         <size>0x3e</size>
         <input_file_ref idref="fl-42"/>
      </object_component>
      <object_component id="oc-379">
         <name>.text:__mspabi_srlll</name>
         <load_address>0x10c30</load_address>
         <run_address>0x10c30</run_address>
         <size>0x3a</size>
         <input_file_ref idref="fl-43"/>
      </object_component>
      <object_component id="oc-283">
         <name>.text:lcd_putchar</name>
         <load_address>0x10c6a</load_address>
         <run_address>0x10c6a</run_address>
         <size>0x36</size>
         <input_file_ref idref="fl-5"/>
      </object_component>
      <object_component id="oc-277">
         <name>.text:bmp280_get_measurements</name>
         <load_address>0x10ca0</load_address>
         <run_address>0x10ca0</run_address>
         <size>0x34</size>
         <input_file_ref idref="fl-2"/>
      </object_component>
      <object_component id="oc-38b">
         <name>.text</name>
         <load_address>0x10cd4</load_address>
         <run_address>0x10cd4</run_address>
         <size>0x32</size>
         <input_file_ref idref="fl-4a"/>
      </object_component>
      <object_component id="oc-24d">
         <name>.text:usart1_init_38400</name>
         <load_address>0x10d06</load_address>
         <run_address>0x10d06</run_address>
         <size>0x2e</size>
         <input_file_ref idref="fl-8"/>
      </object_component>
      <object_component id="oc-2f0">
         <name>.text:bmp280_configure</name>
         <load_address>0x10d34</load_address>
         <run_address>0x10d34</run_address>
         <size>0x2c</size>
         <input_file_ref idref="fl-2"/>
      </object_component>
      <object_component id="oc-34e">
         <name>.text:i2c_init</name>
         <load_address>0x10d60</load_address>
         <run_address>0x10d60</run_address>
         <size>0x2c</size>
         <input_file_ref idref="fl-4"/>
      </object_component>
      <object_component id="oc-253">
         <name>.text:lcd_init</name>
         <load_address>0x10d8c</load_address>
         <run_address>0x10d8c</run_address>
         <size>0x2c</size>
         <input_file_ref idref="fl-5"/>
      </object_component>
      <object_component id="oc-294">
         <name>.text</name>
         <load_address>0x10db8</load_address>
         <run_address>0x10db8</run_address>
         <size>0x2c</size>
         <input_file_ref idref="fl-2a"/>
      </object_component>
      <object_component id="oc-247">
         <name>.text:set_mclk_8mhz</name>
         <load_address>0x10de4</load_address>
         <run_address>0x10de4</run_address>
         <size>0x24</size>
         <input_file_ref idref="fl-6"/>
      </object_component>
      <object_component id="oc-354">
         <name>.text:i2c_start</name>
         <load_address>0x10e08</load_address>
         <run_address>0x10e08</run_address>
         <size>0x1e</size>
         <input_file_ref idref="fl-4"/>
      </object_component>
      <object_component id="oc-27d">
         <name>.text:lcd_cls</name>
         <load_address>0x10e26</load_address>
         <run_address>0x10e26</run_address>
         <size>0x18</size>
         <input_file_ref idref="fl-5"/>
      </object_component>
      <object_component id="oc-2bd">
         <name>.text</name>
         <load_address>0x10e3e</load_address>
         <run_address>0x10e3e</run_address>
         <size>0x18</size>
         <input_file_ref idref="fl-47"/>
      </object_component>
      <object_component id="oc-367">
         <name>.text:i2c_read_byte</name>
         <load_address>0x10e56</load_address>
         <run_address>0x10e56</run_address>
         <size>0x16</size>
         <input_file_ref idref="fl-4"/>
      </object_component>
      <object_component id="oc-326">
         <name>.text</name>
         <load_address>0x10e6c</load_address>
         <run_address>0x10e6c</run_address>
         <size>0x16</size>
         <input_file_ref idref="fl-2b"/>
      </object_component>
      <object_component id="oc-1a0">
         <name>.text:memcpy</name>
         <load_address>0x10e82</load_address>
         <run_address>0x10e82</run_address>
         <size>0x14</size>
         <input_file_ref idref="fl-44"/>
      </object_component>
      <object_component id="oc-47">
         <name>.text:decompress:none:__TI_decompress_none</name>
         <load_address>0x10e96</load_address>
         <run_address>0x10e96</run_address>
         <size>0x12</size>
         <input_file_ref idref="fl-27"/>
      </object_component>
      <object_component id="oc-26b">
         <name>.text:timer_init</name>
         <load_address>0x10ea8</load_address>
         <run_address>0x10ea8</run_address>
         <size>0x12</size>
         <input_file_ref idref="fl-7"/>
      </object_component>
      <object_component id="oc-331">
         <name>.text:usart1_puts</name>
         <load_address>0x10eba</load_address>
         <run_address>0x10eba</run_address>
         <size>0x12</size>
         <input_file_ref idref="fl-8"/>
      </object_component>
      <object_component id="oc-3a0">
         <name>.text:usart1_putc</name>
         <load_address>0x10ecc</load_address>
         <run_address>0x10ecc</run_address>
         <size>0xe</size>
         <input_file_ref idref="fl-8"/>
      </object_component>
      <object_component id="oc-360">
         <name>.text:i2c_stop</name>
         <load_address>0x10eda</load_address>
         <run_address>0x10eda</run_address>
         <size>0xc</size>
         <input_file_ref idref="fl-4"/>
      </object_component>
      <object_component id="oc-35a">
         <name>.text:i2c_write_byte</name>
         <load_address>0x10ee6</load_address>
         <run_address>0x10ee6</run_address>
         <size>0xc</size>
         <input_file_ref idref="fl-4"/>
      </object_component>
      <object_component id="oc-25f">
         <name>.text:bmp280_init</name>
         <load_address>0x10ef2</load_address>
         <run_address>0x10ef2</run_address>
         <size>0xa</size>
         <input_file_ref idref="fl-2"/>
      </object_component>
      <object_component id="oc-259">
         <name>.text:led_init</name>
         <load_address>0x10efc</load_address>
         <run_address>0x10efc</run_address>
         <size>0xa</size>
         <input_file_ref idref="fl-6"/>
      </object_component>
      <object_component id="oc-265">
         <name>.text:timer_callback</name>
         <load_address>0x10f06</load_address>
         <run_address>0x10f06</run_address>
         <size>0xa</size>
         <input_file_ref idref="fl-6"/>
      </object_component>
      <object_component id="oc-1f4">
         <name>.text:abort</name>
         <load_address>0x10f10</load_address>
         <run_address>0x10f10</run_address>
         <size>0x6</size>
         <input_file_ref idref="fl-2e"/>
      </object_component>
      <object_component id="oc-4d">
         <name>.text:decompress:rle24:__TI_decompress_rle24</name>
         <load_address>0x10f16</load_address>
         <run_address>0x10f16</run_address>
         <size>0x6</size>
         <input_file_ref idref="fl-28"/>
      </object_component>
      <object_component id="oc-1cc">
         <name>.text:_system_pre_init</name>
         <load_address>0x10f1c</load_address>
         <run_address>0x10f1c</run_address>
         <size>0x4</size>
         <input_file_ref idref="fl-4c"/>
      </object_component>
      <object_component id="oc-226">
         <name>.text:_system_post_cinit</name>
         <load_address>0x10f20</load_address>
         <run_address>0x10f20</run_address>
         <size>0x2</size>
         <input_file_ref idref="fl-52"/>
      </object_component>
      <object_component id="oc-82">
         <name>.text:_isr:_c_int00_noargs_noexit</name>
         <load_address>0x3100</load_address>
         <run_address>0x3100</run_address>
         <size>0x1a</size>
         <input_file_ref idref="fl-26"/>
      </object_component>
      <object_component id="oc-1bf">
         <name>.text:_isr:timer_isr</name>
         <load_address>0x311a</load_address>
         <run_address>0x311a</run_address>
         <size>0x12</size>
         <input_file_ref idref="fl-7"/>
      </object_component>
      <object_component id="oc-1ba">
         <name>.text:_isr:__TI_ISR_TRAP</name>
         <load_address>0x312c</load_address>
         <run_address>0x312c</run_address>
         <size>0x8</size>
         <input_file_ref idref="fl-40"/>
      </object_component>
      <object_component id="oc-40f">
         <name>.cinit..bss.load</name>
         <load_address>0x3182</load_address>
         <run_address>0x3182</run_address>
         <size>0x9</size>
      </object_component>
      <object_component id="oc-410">
         <name>.cinit..data.load</name>
         <load_address>0x318c</load_address>
         <run_address>0x318c</run_address>
         <size>0x9</size>
      </object_component>
      <object_component id="oc-40d">
         <name>__TI_handler_table</name>
         <load_address>0x3196</load_address>
         <run_address>0x3196</run_address>
         <size>0x8</size>
      </object_component>
      <object_component id="oc-40e">
         <name>__TI_cinit_table</name>
         <load_address>0x319e</load_address>
         <run_address>0x319e</run_address>
         <size>0x10</size>
      </object_component>
      <object_component id="oc-330">
         <name>.const:.string</name>
         <load_address>0x3134</load_address>
         <run_address>0x3134</run_address>
         <size>0x36</size>
         <input_file_ref idref="fl-9"/>
      </object_component>
      <object_component id="oc-31d">
         <name>.const:.string:lcd_char_map</name>
         <load_address>0x316a</load_address>
         <run_address>0x316a</run_address>
         <size>0x17</size>
         <input_file_ref idref="fl-5"/>
      </object_component>
      <object_component id="oc-320">
         <name>.const</name>
         <load_address>0x3181</load_address>
         <run_address>0x3181</run_address>
         <size>0x1</size>
         <input_file_ref idref="fl-5"/>
      </object_component>
      <object_component id="oc-3c8">
         <name>.binit</name>
         <load_address>0x3100</load_address>
         <run_address>0x3100</run_address>
         <size>0x0</size>
      </object_component>
      <object_component id="oc-53">
         <name>.int14</name>
         <load_address>0xffdc</load_address>
         <run_address>0xffdc</run_address>
         <size>0x2</size>
         <input_file_ref idref="fl-30"/>
      </object_component>
      <object_component id="oc-54">
         <name>.int15</name>
         <load_address>0xffde</load_address>
         <run_address>0xffde</run_address>
         <size>0x2</size>
         <input_file_ref idref="fl-31"/>
      </object_component>
      <object_component id="oc-55">
         <name>.int16</name>
         <load_address>0xffe0</load_address>
         <run_address>0xffe0</run_address>
         <size>0x2</size>
         <input_file_ref idref="fl-7"/>
      </object_component>
      <object_component id="oc-56">
         <name>.int17</name>
         <load_address>0xffe2</load_address>
         <run_address>0xffe2</run_address>
         <size>0x2</size>
         <input_file_ref idref="fl-32"/>
      </object_component>
      <object_component id="oc-57">
         <name>.int18</name>
         <load_address>0xffe4</load_address>
         <run_address>0xffe4</run_address>
         <size>0x2</size>
         <input_file_ref idref="fl-33"/>
      </object_component>
      <object_component id="oc-58">
         <name>.int19</name>
         <load_address>0xffe6</load_address>
         <run_address>0xffe6</run_address>
         <size>0x2</size>
         <input_file_ref idref="fl-34"/>
      </object_component>
      <object_component id="oc-59">
         <name>.int20</name>
         <load_address>0xffe8</load_address>
         <run_address>0xffe8</run_address>
         <size>0x2</size>
         <input_file_ref idref="fl-35"/>
      </object_component>
      <object_component id="oc-5a">
         <name>.int21</name>
         <load_address>0xffea</load_address>
         <run_address>0xffea</run_address>
         <size>0x2</size>
         <input_file_ref idref="fl-36"/>
      </object_component>
      <object_component id="oc-5b">
         <name>.int22</name>
         <load_address>0xffec</load_address>
         <run_address>0xffec</run_address>
         <size>0x2</size>
         <input_file_ref idref="fl-37"/>
      </object_component>
      <object_component id="oc-5c">
         <name>.int23</name>
         <load_address>0xffee</load_address>
         <run_address>0xffee</run_address>
         <size>0x2</size>
         <input_file_ref idref="fl-38"/>
      </object_component>
      <object_component id="oc-5d">
         <name>.int24</name>
         <load_address>0xfff0</load_address>
         <run_address>0xfff0</run_address>
         <size>0x2</size>
         <input_file_ref idref="fl-39"/>
      </object_component>
      <object_component id="oc-5e">
         <name>.int25</name>
         <load_address>0xfff2</load_address>
         <run_address>0xfff2</run_address>
         <size>0x2</size>
         <input_file_ref idref="fl-3a"/>
      </object_component>
      <object_component id="oc-5f">
         <name>.int26</name>
         <load_address>0xfff4</load_address>
         <run_address>0xfff4</run_address>
         <size>0x2</size>
         <input_file_ref idref="fl-3b"/>
      </object_component>
      <object_component id="oc-60">
         <name>.int27</name>
         <load_address>0xfff6</load_address>
         <run_address>0xfff6</run_address>
         <size>0x2</size>
         <input_file_ref idref="fl-3c"/>
      </object_component>
      <object_component id="oc-61">
         <name>.int28</name>
         <load_address>0xfff8</load_address>
         <run_address>0xfff8</run_address>
         <size>0x2</size>
         <input_file_ref idref="fl-3d"/>
      </object_component>
      <object_component id="oc-62">
         <name>.int29</name>
         <load_address>0xfffa</load_address>
         <run_address>0xfffa</run_address>
         <size>0x2</size>
         <input_file_ref idref="fl-3e"/>
      </object_component>
      <object_component id="oc-63">
         <name>.int30</name>
         <load_address>0xfffc</load_address>
         <run_address>0xfffc</run_address>
         <size>0x2</size>
         <input_file_ref idref="fl-3f"/>
      </object_component>
      <object_component id="oc-19f">
         <name>.reset</name>
         <load_address>0xfffe</load_address>
         <run_address>0xfffe</run_address>
         <size>0x2</size>
         <input_file_ref idref="fl-25"/>
      </object_component>
      <object_component id="oc-3c4">
         <name>.debug_info</name>
         <load_address>0x0</load_address>
         <run_address>0x0</run_address>
         <size>0x1fd</size>
         <input_file_ref idref="fl-2"/>
      </object_component>
      <object_component id="oc-36e">
         <name>.debug_info</name>
         <load_address>0x1fd</load_address>
         <run_address>0x1fd</run_address>
         <size>0xd7</size>
         <input_file_ref idref="fl-2"/>
      </object_component>
      <object_component id="oc-319">
         <name>.debug_info</name>
         <load_address>0x2d4</load_address>
         <run_address>0x2d4</run_address>
         <size>0xd9</size>
         <input_file_ref idref="fl-2"/>
      </object_component>
      <object_component id="oc-2f1">
         <name>.debug_info</name>
         <load_address>0x3ad</load_address>
         <run_address>0x3ad</run_address>
         <size>0x18c</size>
         <input_file_ref idref="fl-2"/>
      </object_component>
      <object_component id="oc-2f7">
         <name>.debug_info</name>
         <load_address>0x539</load_address>
         <run_address>0x539</run_address>
         <size>0x1b3</size>
         <input_file_ref idref="fl-2"/>
      </object_component>
      <object_component id="oc-30d">
         <name>.debug_info</name>
         <load_address>0x6ec</load_address>
         <run_address>0x6ec</run_address>
         <size>0x242</size>
         <input_file_ref idref="fl-2"/>
      </object_component>
      <object_component id="oc-313">
         <name>.debug_info</name>
         <load_address>0x92e</load_address>
         <run_address>0x92e</run_address>
         <size>0x48b</size>
         <input_file_ref idref="fl-2"/>
      </object_component>
      <object_component id="oc-260">
         <name>.debug_info</name>
         <load_address>0xdb9</load_address>
         <run_address>0xdb9</run_address>
         <size>0x14b</size>
         <input_file_ref idref="fl-2"/>
      </object_component>
      <object_component id="oc-278">
         <name>.debug_info</name>
         <load_address>0xf04</load_address>
         <run_address>0xf04</run_address>
         <size>0x170</size>
         <input_file_ref idref="fl-2"/>
      </object_component>
      <object_component id="oc-2b2">
         <name>.debug_info</name>
         <load_address>0x1074</load_address>
         <run_address>0x1074</run_address>
         <size>0x5e</size>
         <input_file_ref idref="fl-2"/>
      </object_component>
      <object_component id="oc-3b2">
         <name>.debug_info</name>
         <load_address>0x10d2</load_address>
         <run_address>0x10d2</run_address>
         <size>0x158</size>
         <input_file_ref idref="fl-2"/>
      </object_component>
      <object_component id="oc-202">
         <name>.debug_info</name>
         <load_address>0x122a</load_address>
         <run_address>0x122a</run_address>
         <size>0x84</size>
         <input_file_ref idref="fl-2"/>
      </object_component>
      <object_component id="oc-2a8">
         <name>.debug_info</name>
         <load_address>0x12ae</load_address>
         <run_address>0x12ae</run_address>
         <size>0x18b</size>
         <input_file_ref idref="fl-2"/>
      </object_component>
      <object_component id="oc-378">
         <name>.debug_info</name>
         <load_address>0x1439</load_address>
         <run_address>0x1439</run_address>
         <size>0x1bb</size>
         <input_file_ref idref="fl-3"/>
      </object_component>
      <object_component id="oc-372">
         <name>.debug_info</name>
         <load_address>0x15f4</load_address>
         <run_address>0x15f4</run_address>
         <size>0x116</size>
         <input_file_ref idref="fl-3"/>
      </object_component>
      <object_component id="oc-300">
         <name>.debug_info</name>
         <load_address>0x170a</load_address>
         <run_address>0x170a</run_address>
         <size>0x17e</size>
         <input_file_ref idref="fl-3"/>
      </object_component>
      <object_component id="oc-306">
         <name>.debug_info</name>
         <load_address>0x1888</load_address>
         <run_address>0x1888</run_address>
         <size>0x1c4</size>
         <input_file_ref idref="fl-3"/>
      </object_component>
      <object_component id="oc-272">
         <name>.debug_info</name>
         <load_address>0x1a4c</load_address>
         <run_address>0x1a4c</run_address>
         <size>0x1a6</size>
         <input_file_ref idref="fl-3"/>
      </object_component>
      <object_component id="oc-2ad">
         <name>.debug_info</name>
         <load_address>0x1bf2</load_address>
         <run_address>0x1bf2</run_address>
         <size>0x5e</size>
         <input_file_ref idref="fl-3"/>
      </object_component>
      <object_component id="oc-34f">
         <name>.debug_info</name>
         <load_address>0x1c50</load_address>
         <run_address>0x1c50</run_address>
         <size>0x141</size>
         <input_file_ref idref="fl-4"/>
      </object_component>
      <object_component id="oc-355">
         <name>.debug_info</name>
         <load_address>0x1d91</load_address>
         <run_address>0x1d91</run_address>
         <size>0x143</size>
         <input_file_ref idref="fl-4"/>
      </object_component>
      <object_component id="oc-361">
         <name>.debug_info</name>
         <load_address>0x1ed4</load_address>
         <run_address>0x1ed4</run_address>
         <size>0x107</size>
         <input_file_ref idref="fl-4"/>
      </object_component>
      <object_component id="oc-35b">
         <name>.debug_info</name>
         <load_address>0x1fdb</load_address>
         <run_address>0x1fdb</run_address>
         <size>0x135</size>
         <input_file_ref idref="fl-4"/>
      </object_component>
      <object_component id="oc-368">
         <name>.debug_info</name>
         <load_address>0x2110</load_address>
         <run_address>0x2110</run_address>
         <size>0x144</size>
         <input_file_ref idref="fl-4"/>
      </object_component>
      <object_component id="oc-39a">
         <name>.debug_info</name>
         <load_address>0x2254</load_address>
         <run_address>0x2254</run_address>
         <size>0x21f</size>
         <input_file_ref idref="fl-5"/>
      </object_component>
      <object_component id="oc-31e">
         <name>.debug_info</name>
         <load_address>0x2473</load_address>
         <run_address>0x2473</run_address>
         <size>0xe7</size>
         <input_file_ref idref="fl-5"/>
      </object_component>
      <object_component id="oc-321">
         <name>.debug_info</name>
         <load_address>0x255a</load_address>
         <run_address>0x255a</run_address>
         <size>0xe9</size>
         <input_file_ref idref="fl-5"/>
      </object_component>
      <object_component id="oc-27e">
         <name>.debug_info</name>
         <load_address>0x2643</load_address>
         <run_address>0x2643</run_address>
         <size>0x110</size>
         <input_file_ref idref="fl-5"/>
      </object_component>
      <object_component id="oc-254">
         <name>.debug_info</name>
         <load_address>0x2753</load_address>
         <run_address>0x2753</run_address>
         <size>0x115</size>
         <input_file_ref idref="fl-5"/>
      </object_component>
      <object_component id="oc-284">
         <name>.debug_info</name>
         <load_address>0x2868</load_address>
         <run_address>0x2868</run_address>
         <size>0x151</size>
         <input_file_ref idref="fl-5"/>
      </object_component>
      <object_component id="oc-28a">
         <name>.debug_info</name>
         <load_address>0x29b9</load_address>
         <run_address>0x29b9</run_address>
         <size>0x157</size>
         <input_file_ref idref="fl-5"/>
      </object_component>
      <object_component id="oc-32f">
         <name>.debug_info</name>
         <load_address>0x2b10</load_address>
         <run_address>0x2b10</run_address>
         <size>0x429</size>
         <input_file_ref idref="fl-6"/>
      </object_component>
      <object_component id="oc-29f">
         <name>.debug_info</name>
         <load_address>0x2f39</load_address>
         <run_address>0x2f39</run_address>
         <size>0xe4</size>
         <input_file_ref idref="fl-6"/>
      </object_component>
      <object_component id="oc-248">
         <name>.debug_info</name>
         <load_address>0x301d</load_address>
         <run_address>0x301d</run_address>
         <size>0x114</size>
         <input_file_ref idref="fl-6"/>
      </object_component>
      <object_component id="oc-25a">
         <name>.debug_info</name>
         <load_address>0x3131</load_address>
         <run_address>0x3131</run_address>
         <size>0x10a</size>
         <input_file_ref idref="fl-6"/>
      </object_component>
      <object_component id="oc-266">
         <name>.debug_info</name>
         <load_address>0x323b</load_address>
         <run_address>0x323b</run_address>
         <size>0x116</size>
         <input_file_ref idref="fl-6"/>
      </object_component>
      <object_component id="oc-1ed">
         <name>.debug_info</name>
         <load_address>0x3351</load_address>
         <run_address>0x3351</run_address>
         <size>0x590</size>
         <input_file_ref idref="fl-6"/>
      </object_component>
      <object_component id="oc-2bc">
         <name>.debug_info</name>
         <load_address>0x38e1</load_address>
         <run_address>0x38e1</run_address>
         <size>0x175</size>
         <input_file_ref idref="fl-7"/>
      </object_component>
      <object_component id="oc-21a">
         <name>.debug_info</name>
         <load_address>0x3a56</load_address>
         <run_address>0x3a56</run_address>
         <size>0xec</size>
         <input_file_ref idref="fl-7"/>
      </object_component>
      <object_component id="oc-26c">
         <name>.debug_info</name>
         <load_address>0x3b42</load_address>
         <run_address>0x3b42</run_address>
         <size>0x143</size>
         <input_file_ref idref="fl-7"/>
      </object_component>
      <object_component id="oc-1c0">
         <name>.debug_info</name>
         <load_address>0x3c85</load_address>
         <run_address>0x3c85</run_address>
         <size>0x117</size>
         <input_file_ref idref="fl-7"/>
      </object_component>
      <object_component id="oc-3a7">
         <name>.debug_info</name>
         <load_address>0x3d9c</load_address>
         <run_address>0x3d9c</run_address>
         <size>0x271</size>
         <input_file_ref idref="fl-8"/>
      </object_component>
      <object_component id="oc-24e">
         <name>.debug_info</name>
         <load_address>0x400d</load_address>
         <run_address>0x400d</run_address>
         <size>0x11c</size>
         <input_file_ref idref="fl-8"/>
      </object_component>
      <object_component id="oc-3a1">
         <name>.debug_info</name>
         <load_address>0x4129</load_address>
         <run_address>0x4129</run_address>
         <size>0x132</size>
         <input_file_ref idref="fl-8"/>
      </object_component>
      <object_component id="oc-332">
         <name>.debug_info</name>
         <load_address>0x425b</load_address>
         <run_address>0x425b</run_address>
         <size>0x140</size>
         <input_file_ref idref="fl-8"/>
      </object_component>
      <object_component id="oc-338">
         <name>.debug_info</name>
         <load_address>0x439b</load_address>
         <run_address>0x439b</run_address>
         <size>0x37e</size>
         <input_file_ref idref="fl-8"/>
      </object_component>
      <object_component id="oc-33e">
         <name>.debug_info</name>
         <load_address>0x4719</load_address>
         <run_address>0x4719</run_address>
         <size>0x1a3</size>
         <input_file_ref idref="fl-9"/>
      </object_component>
      <object_component id="oc-2a2">
         <name>.debug_info</name>
         <load_address>0x48bc</load_address>
         <run_address>0x48bc</run_address>
         <size>0x261</size>
         <input_file_ref idref="fl-9"/>
      </object_component>
      <object_component id="oc-389">
         <name>.debug_info</name>
         <load_address>0x4b1d</load_address>
         <run_address>0x4b1d</run_address>
         <size>0x11f</size>
         <input_file_ref idref="fl-24"/>
      </object_component>
      <object_component id="oc-19d">
         <name>.debug_info</name>
         <load_address>0x4c3c</load_address>
         <run_address>0x4c3c</run_address>
         <size>0xf6</size>
         <input_file_ref idref="fl-25"/>
      </object_component>
      <object_component id="oc-86">
         <name>.debug_info</name>
         <load_address>0x4d32</load_address>
         <run_address>0x4d32</run_address>
         <size>0x197</size>
         <input_file_ref idref="fl-26"/>
      </object_component>
      <object_component id="oc-1ac">
         <name>.debug_info</name>
         <load_address>0x4ec9</load_address>
         <run_address>0x4ec9</run_address>
         <size>0x1c7</size>
         <input_file_ref idref="fl-27"/>
      </object_component>
      <object_component id="oc-48">
         <name>.debug_info</name>
         <load_address>0x5090</load_address>
         <run_address>0x5090</run_address>
         <size>0x1c9</size>
         <input_file_ref idref="fl-27"/>
      </object_component>
      <object_component id="oc-1a7">
         <name>.debug_info</name>
         <load_address>0x5259</load_address>
         <run_address>0x5259</run_address>
         <size>0x46</size>
         <input_file_ref idref="fl-27"/>
      </object_component>
      <object_component id="oc-210">
         <name>.debug_info</name>
         <load_address>0x529f</load_address>
         <run_address>0x529f</run_address>
         <size>0x2c</size>
         <input_file_ref idref="fl-27"/>
      </object_component>
      <object_component id="oc-1b4">
         <name>.debug_info</name>
         <load_address>0x52cb</load_address>
         <run_address>0x52cb</run_address>
         <size>0x184</size>
         <input_file_ref idref="fl-28"/>
      </object_component>
      <object_component id="oc-1ae">
         <name>.debug_info</name>
         <load_address>0x544f</load_address>
         <run_address>0x544f</run_address>
         <size>0x23b</size>
         <input_file_ref idref="fl-28"/>
      </object_component>
      <object_component id="oc-4e">
         <name>.debug_info</name>
         <load_address>0x568a</load_address>
         <run_address>0x568a</run_address>
         <size>0x1b2</size>
         <input_file_ref idref="fl-28"/>
      </object_component>
      <object_component id="oc-1b5">
         <name>.debug_info</name>
         <load_address>0x583c</load_address>
         <run_address>0x583c</run_address>
         <size>0x39</size>
         <input_file_ref idref="fl-28"/>
      </object_component>
      <object_component id="oc-296">
         <name>.debug_info</name>
         <load_address>0x5875</load_address>
         <run_address>0x5875</run_address>
         <size>0x12e</size>
         <input_file_ref idref="fl-2a"/>
      </object_component>
      <object_component id="oc-327">
         <name>.debug_info</name>
         <load_address>0x59a3</load_address>
         <run_address>0x59a3</run_address>
         <size>0x11a</size>
         <input_file_ref idref="fl-2b"/>
      </object_component>
      <object_component id="oc-29a">
         <name>.debug_info</name>
         <load_address>0x5abd</load_address>
         <run_address>0x5abd</run_address>
         <size>0x131</size>
         <input_file_ref idref="fl-2c"/>
      </object_component>
      <object_component id="oc-290">
         <name>.debug_info</name>
         <load_address>0x5bee</load_address>
         <run_address>0x5bee</run_address>
         <size>0x11c</size>
         <input_file_ref idref="fl-2d"/>
      </object_component>
      <object_component id="oc-1f5">
         <name>.debug_info</name>
         <load_address>0x5d0a</load_address>
         <run_address>0x5d0a</run_address>
         <size>0x118</size>
         <input_file_ref idref="fl-2e"/>
      </object_component>
      <object_component id="oc-1bb">
         <name>.debug_info</name>
         <load_address>0x5e22</load_address>
         <run_address>0x5e22</run_address>
         <size>0x108</size>
         <input_file_ref idref="fl-40"/>
      </object_component>
      <object_component id="oc-381">
         <name>.debug_info</name>
         <load_address>0x5f2a</load_address>
         <run_address>0x5f2a</run_address>
         <size>0x11f</size>
         <input_file_ref idref="fl-41"/>
      </object_component>
      <object_component id="oc-391">
         <name>.debug_info</name>
         <load_address>0x6049</load_address>
         <run_address>0x6049</run_address>
         <size>0x11f</size>
         <input_file_ref idref="fl-42"/>
      </object_component>
      <object_component id="oc-37a">
         <name>.debug_info</name>
         <load_address>0x6168</load_address>
         <run_address>0x6168</run_address>
         <size>0x17e</size>
         <input_file_ref idref="fl-43"/>
      </object_component>
      <object_component id="oc-208">
         <name>.debug_info</name>
         <load_address>0x62e6</load_address>
         <run_address>0x62e6</run_address>
         <size>0x17d</size>
         <input_file_ref idref="fl-44"/>
      </object_component>
      <object_component id="oc-1a1">
         <name>.debug_info</name>
         <load_address>0x6463</load_address>
         <run_address>0x6463</run_address>
         <size>0x192</size>
         <input_file_ref idref="fl-44"/>
      </object_component>
      <object_component id="oc-209">
         <name>.debug_info</name>
         <load_address>0x65f5</load_address>
         <run_address>0x65f5</run_address>
         <size>0x2c</size>
         <input_file_ref idref="fl-44"/>
      </object_component>
      <object_component id="oc-2be">
         <name>.debug_info</name>
         <load_address>0x6621</load_address>
         <run_address>0x6621</run_address>
         <size>0x123</size>
         <input_file_ref idref="fl-47"/>
      </object_component>
      <object_component id="oc-38c">
         <name>.debug_info</name>
         <load_address>0x6744</load_address>
         <run_address>0x6744</run_address>
         <size>0x123</size>
         <input_file_ref idref="fl-4a"/>
      </object_component>
      <object_component id="oc-1cd">
         <name>.debug_info</name>
         <load_address>0x6867</load_address>
         <run_address>0x6867</run_address>
         <size>0x149</size>
         <input_file_ref idref="fl-4c"/>
      </object_component>
      <object_component id="oc-22d">
         <name>.debug_info</name>
         <load_address>0x69b0</load_address>
         <run_address>0x69b0</run_address>
         <size>0x3f6</size>
         <input_file_ref idref="fl-4f"/>
      </object_component>
      <object_component id="oc-1d3">
         <name>.debug_info</name>
         <load_address>0x6da6</load_address>
         <run_address>0x6da6</run_address>
         <size>0x21f</size>
         <input_file_ref idref="fl-4f"/>
      </object_component>
      <object_component id="oc-2c7">
         <name>.debug_info</name>
         <load_address>0x6fc5</load_address>
         <run_address>0x6fc5</run_address>
         <size>0x39</size>
         <input_file_ref idref="fl-4f"/>
      </object_component>
      <object_component id="oc-22e">
         <name>.debug_info</name>
         <load_address>0x6ffe</load_address>
         <run_address>0x6ffe</run_address>
         <size>0x2c</size>
         <input_file_ref idref="fl-4f"/>
      </object_component>
      <object_component id="oc-2cc">
         <name>.debug_info</name>
         <load_address>0x702a</load_address>
         <run_address>0x702a</run_address>
         <size>0xcd</size>
         <input_file_ref idref="fl-4f"/>
      </object_component>
      <object_component id="oc-2c3">
         <name>.debug_info</name>
         <load_address>0x70f7</load_address>
         <run_address>0x70f7</run_address>
         <size>0x267</size>
         <input_file_ref idref="fl-50"/>
      </object_component>
      <object_component id="oc-221">
         <name>.debug_info</name>
         <load_address>0x735e</load_address>
         <run_address>0x735e</run_address>
         <size>0x1b1</size>
         <input_file_ref idref="fl-50"/>
      </object_component>
      <object_component id="oc-344">
         <name>.debug_info</name>
         <load_address>0x750f</load_address>
         <run_address>0x750f</run_address>
         <size>0x2c</size>
         <input_file_ref idref="fl-50"/>
      </object_component>
      <object_component id="oc-227">
         <name>.debug_info</name>
         <load_address>0x753b</load_address>
         <run_address>0x753b</run_address>
         <size>0x146</size>
         <input_file_ref idref="fl-52"/>
      </object_component>
      <object_component id="oc-414">
         <name>.debug_info</name>
         <load_address>0x7681</load_address>
         <run_address>0x7681</run_address>
         <size>0xb2</size>
      </object_component>
      <object_component id="oc-3c6">
         <name>.debug_line</name>
         <load_address>0x0</load_address>
         <run_address>0x0</run_address>
         <size>0x2c</size>
         <input_file_ref idref="fl-2"/>
      </object_component>
      <object_component id="oc-3b1">
         <name>.debug_line</name>
         <load_address>0x2c</load_address>
         <run_address>0x2c</run_address>
         <size>0x2f</size>
         <input_file_ref idref="fl-2"/>
      </object_component>
      <object_component id="oc-397">
         <name>.debug_line</name>
         <load_address>0x5b</load_address>
         <run_address>0x5b</run_address>
         <size>0x2f</size>
         <input_file_ref idref="fl-2"/>
      </object_component>
      <object_component id="oc-2f4">
         <name>.debug_line</name>
         <load_address>0x8a</load_address>
         <run_address>0x8a</run_address>
         <size>0x47</size>
         <input_file_ref idref="fl-2"/>
      </object_component>
      <object_component id="oc-2fa">
         <name>.debug_line</name>
         <load_address>0xd1</load_address>
         <run_address>0xd1</run_address>
         <size>0x54</size>
         <input_file_ref idref="fl-2"/>
      </object_component>
      <object_component id="oc-310">
         <name>.debug_line</name>
         <load_address>0x125</load_address>
         <run_address>0x125</run_address>
         <size>0x53</size>
         <input_file_ref idref="fl-2"/>
      </object_component>
      <object_component id="oc-316">
         <name>.debug_line</name>
         <load_address>0x178</load_address>
         <run_address>0x178</run_address>
         <size>0x64</size>
         <input_file_ref idref="fl-2"/>
      </object_component>
      <object_component id="oc-263">
         <name>.debug_line</name>
         <load_address>0x1dc</load_address>
         <run_address>0x1dc</run_address>
         <size>0x46</size>
         <input_file_ref idref="fl-2"/>
      </object_component>
      <object_component id="oc-27b">
         <name>.debug_line</name>
         <load_address>0x222</load_address>
         <run_address>0x222</run_address>
         <size>0x47</size>
         <input_file_ref idref="fl-2"/>
      </object_component>
      <object_component id="oc-2b5">
         <name>.debug_line</name>
         <load_address>0x269</load_address>
         <run_address>0x269</run_address>
         <size>0x2f</size>
         <input_file_ref idref="fl-2"/>
      </object_component>
      <object_component id="oc-3b5">
         <name>.debug_line</name>
         <load_address>0x298</load_address>
         <run_address>0x298</run_address>
         <size>0x2f</size>
         <input_file_ref idref="fl-2"/>
      </object_component>
      <object_component id="oc-205">
         <name>.debug_line</name>
         <load_address>0x2c7</load_address>
         <run_address>0x2c7</run_address>
         <size>0x20</size>
         <input_file_ref idref="fl-2"/>
      </object_component>
      <object_component id="oc-2ab">
         <name>.debug_line</name>
         <load_address>0x2e7</load_address>
         <run_address>0x2e7</run_address>
         <size>0x62</size>
         <input_file_ref idref="fl-2"/>
      </object_component>
      <object_component id="oc-3b9">
         <name>.debug_line</name>
         <load_address>0x349</load_address>
         <run_address>0x349</run_address>
         <size>0x9c</size>
         <input_file_ref idref="fl-3"/>
      </object_component>
      <object_component id="oc-375">
         <name>.debug_line</name>
         <load_address>0x3e5</load_address>
         <run_address>0x3e5</run_address>
         <size>0x4b</size>
         <input_file_ref idref="fl-3"/>
      </object_component>
      <object_component id="oc-303">
         <name>.debug_line</name>
         <load_address>0x430</load_address>
         <run_address>0x430</run_address>
         <size>0x5f</size>
         <input_file_ref idref="fl-3"/>
      </object_component>
      <object_component id="oc-309">
         <name>.debug_line</name>
         <load_address>0x48f</load_address>
         <run_address>0x48f</run_address>
         <size>0x49</size>
         <input_file_ref idref="fl-3"/>
      </object_component>
      <object_component id="oc-275">
         <name>.debug_line</name>
         <load_address>0x4d8</load_address>
         <run_address>0x4d8</run_address>
         <size>0x53</size>
         <input_file_ref idref="fl-3"/>
      </object_component>
      <object_component id="oc-2b0">
         <name>.debug_line</name>
         <load_address>0x52b</load_address>
         <run_address>0x52b</run_address>
         <size>0x2e</size>
         <input_file_ref idref="fl-3"/>
      </object_component>
      <object_component id="oc-352">
         <name>.debug_line</name>
         <load_address>0x559</load_address>
         <run_address>0x559</run_address>
         <size>0x4a</size>
         <input_file_ref idref="fl-4"/>
      </object_component>
      <object_component id="oc-358">
         <name>.debug_line</name>
         <load_address>0x5a3</load_address>
         <run_address>0x5a3</run_address>
         <size>0x49</size>
         <input_file_ref idref="fl-4"/>
      </object_component>
      <object_component id="oc-364">
         <name>.debug_line</name>
         <load_address>0x5ec</load_address>
         <run_address>0x5ec</run_address>
         <size>0x42</size>
         <input_file_ref idref="fl-4"/>
      </object_component>
      <object_component id="oc-35e">
         <name>.debug_line</name>
         <load_address>0x62e</load_address>
         <run_address>0x62e</run_address>
         <size>0x42</size>
         <input_file_ref idref="fl-4"/>
      </object_component>
      <object_component id="oc-36b">
         <name>.debug_line</name>
         <load_address>0x670</load_address>
         <run_address>0x670</run_address>
         <size>0x49</size>
         <input_file_ref idref="fl-4"/>
      </object_component>
      <object_component id="oc-3c0">
         <name>.debug_line</name>
         <load_address>0x6b9</load_address>
         <run_address>0x6b9</run_address>
         <size>0x55</size>
         <input_file_ref idref="fl-5"/>
      </object_component>
      <object_component id="oc-399">
         <name>.debug_line</name>
         <load_address>0x70e</load_address>
         <run_address>0x70e</run_address>
         <size>0x2c</size>
         <input_file_ref idref="fl-5"/>
      </object_component>
      <object_component id="oc-39c">
         <name>.debug_line</name>
         <load_address>0x73a</load_address>
         <run_address>0x73a</run_address>
         <size>0x2c</size>
         <input_file_ref idref="fl-5"/>
      </object_component>
      <object_component id="oc-281">
         <name>.debug_line</name>
         <load_address>0x766</load_address>
         <run_address>0x766</run_address>
         <size>0x45</size>
         <input_file_ref idref="fl-5"/>
      </object_component>
      <object_component id="oc-257">
         <name>.debug_line</name>
         <load_address>0x7ab</load_address>
         <run_address>0x7ab</run_address>
         <size>0x46</size>
         <input_file_ref idref="fl-5"/>
      </object_component>
      <object_component id="oc-287">
         <name>.debug_line</name>
         <load_address>0x7f1</load_address>
         <run_address>0x7f1</run_address>
         <size>0x46</size>
         <input_file_ref idref="fl-5"/>
      </object_component>
      <object_component id="oc-28d">
         <name>.debug_line</name>
         <load_address>0x837</load_address>
         <run_address>0x837</run_address>
         <size>0x59</size>
         <input_file_ref idref="fl-5"/>
      </object_component>
      <object_component id="oc-39f">
         <name>.debug_line</name>
         <load_address>0x890</load_address>
         <run_address>0x890</run_address>
         <size>0xed</size>
         <input_file_ref idref="fl-6"/>
      </object_component>
      <object_component id="oc-32e">
         <name>.debug_line</name>
         <load_address>0x97d</load_address>
         <run_address>0x97d</run_address>
         <size>0x2d</size>
         <input_file_ref idref="fl-6"/>
      </object_component>
      <object_component id="oc-24b">
         <name>.debug_line</name>
         <load_address>0x9aa</load_address>
         <run_address>0x9aa</run_address>
         <size>0x45</size>
         <input_file_ref idref="fl-6"/>
      </object_component>
      <object_component id="oc-25d">
         <name>.debug_line</name>
         <load_address>0x9ef</load_address>
         <run_address>0x9ef</run_address>
         <size>0x41</size>
         <input_file_ref idref="fl-6"/>
      </object_component>
      <object_component id="oc-269">
         <name>.debug_line</name>
         <load_address>0xa30</load_address>
         <run_address>0xa30</run_address>
         <size>0x41</size>
         <input_file_ref idref="fl-6"/>
      </object_component>
      <object_component id="oc-1f0">
         <name>.debug_line</name>
         <load_address>0xa71</load_address>
         <run_address>0xa71</run_address>
         <size>0xcd</size>
         <input_file_ref idref="fl-6"/>
      </object_component>
      <object_component id="oc-340">
         <name>.debug_line</name>
         <load_address>0xb3e</load_address>
         <run_address>0xb3e</run_address>
         <size>0x56</size>
         <input_file_ref idref="fl-7"/>
      </object_component>
      <object_component id="oc-2bb">
         <name>.debug_line</name>
         <load_address>0xb94</load_address>
         <run_address>0xb94</run_address>
         <size>0x2e</size>
         <input_file_ref idref="fl-7"/>
      </object_component>
      <object_component id="oc-26f">
         <name>.debug_line</name>
         <load_address>0xbc2</load_address>
         <run_address>0xbc2</run_address>
         <size>0x43</size>
         <input_file_ref idref="fl-7"/>
      </object_component>
      <object_component id="oc-1c3">
         <name>.debug_line</name>
         <load_address>0xc05</load_address>
         <run_address>0xc05</run_address>
         <size>0x44</size>
         <input_file_ref idref="fl-7"/>
      </object_component>
      <object_component id="oc-3c3">
         <name>.debug_line</name>
         <load_address>0xc49</load_address>
         <run_address>0xc49</run_address>
         <size>0x9c</size>
         <input_file_ref idref="fl-8"/>
      </object_component>
      <object_component id="oc-251">
         <name>.debug_line</name>
         <load_address>0xce5</load_address>
         <run_address>0xce5</run_address>
         <size>0x47</size>
         <input_file_ref idref="fl-8"/>
      </object_component>
      <object_component id="oc-3a4">
         <name>.debug_line</name>
         <load_address>0xd2c</load_address>
         <run_address>0xd2c</run_address>
         <size>0x43</size>
         <input_file_ref idref="fl-8"/>
      </object_component>
      <object_component id="oc-335">
         <name>.debug_line</name>
         <load_address>0xd6f</load_address>
         <run_address>0xd6f</run_address>
         <size>0x46</size>
         <input_file_ref idref="fl-8"/>
      </object_component>
      <object_component id="oc-33b">
         <name>.debug_line</name>
         <load_address>0xdb5</load_address>
         <run_address>0xdb5</run_address>
         <size>0x52</size>
         <input_file_ref idref="fl-8"/>
      </object_component>
      <object_component id="oc-3aa">
         <name>.debug_line</name>
         <load_address>0xe07</load_address>
         <run_address>0xe07</run_address>
         <size>0x2d</size>
         <input_file_ref idref="fl-9"/>
      </object_component>
      <object_component id="oc-2a5">
         <name>.debug_line</name>
         <load_address>0xe34</load_address>
         <run_address>0xe34</run_address>
         <size>0x48</size>
         <input_file_ref idref="fl-9"/>
      </object_component>
      <object_component id="oc-388">
         <name>.debug_line</name>
         <load_address>0xe7c</load_address>
         <run_address>0xe7c</run_address>
         <size>0x56</size>
         <input_file_ref idref="fl-24"/>
      </object_component>
      <object_component id="oc-201">
         <name>.debug_line</name>
         <load_address>0xed2</load_address>
         <run_address>0xed2</run_address>
         <size>0x2a</size>
         <input_file_ref idref="fl-25"/>
      </object_component>
      <object_component id="oc-84">
         <name>.debug_line</name>
         <load_address>0xefc</load_address>
         <run_address>0xefc</run_address>
         <size>0x4c</size>
         <input_file_ref idref="fl-26"/>
      </object_component>
      <object_component id="oc-20f">
         <name>.debug_line</name>
         <load_address>0xf48</load_address>
         <run_address>0xf48</run_address>
         <size>0x8a</size>
         <input_file_ref idref="fl-27"/>
      </object_component>
      <object_component id="oc-4b">
         <name>.debug_line</name>
         <load_address>0xfd2</load_address>
         <run_address>0xfd2</run_address>
         <size>0x50</size>
         <input_file_ref idref="fl-27"/>
      </object_component>
      <object_component id="oc-1aa">
         <name>.debug_line</name>
         <load_address>0x1022</load_address>
         <run_address>0x1022</run_address>
         <size>0x3a</size>
         <input_file_ref idref="fl-27"/>
      </object_component>
      <object_component id="oc-213">
         <name>.debug_line</name>
         <load_address>0x105c</load_address>
         <run_address>0x105c</run_address>
         <size>0x8a</size>
         <input_file_ref idref="fl-27"/>
      </object_component>
      <object_component id="oc-217">
         <name>.debug_line</name>
         <load_address>0x10e6</load_address>
         <run_address>0x10e6</run_address>
         <size>0x20</size>
         <input_file_ref idref="fl-28"/>
      </object_component>
      <object_component id="oc-1b1">
         <name>.debug_line</name>
         <load_address>0x1106</load_address>
         <run_address>0x1106</run_address>
         <size>0x8b</size>
         <input_file_ref idref="fl-28"/>
      </object_component>
      <object_component id="oc-51">
         <name>.debug_line</name>
         <load_address>0x1191</load_address>
         <run_address>0x1191</run_address>
         <size>0x49</size>
         <input_file_ref idref="fl-28"/>
      </object_component>
      <object_component id="oc-1b8">
         <name>.debug_line</name>
         <load_address>0x11da</load_address>
         <run_address>0x11da</run_address>
         <size>0x39</size>
         <input_file_ref idref="fl-28"/>
      </object_component>
      <object_component id="oc-295">
         <name>.debug_line</name>
         <load_address>0x1213</load_address>
         <run_address>0x1213</run_address>
         <size>0x4d</size>
         <input_file_ref idref="fl-2a"/>
      </object_component>
      <object_component id="oc-32a">
         <name>.debug_line</name>
         <load_address>0x1260</load_address>
         <run_address>0x1260</run_address>
         <size>0x43</size>
         <input_file_ref idref="fl-2b"/>
      </object_component>
      <object_component id="oc-29d">
         <name>.debug_line</name>
         <load_address>0x12a3</load_address>
         <run_address>0x12a3</run_address>
         <size>0x5a</size>
         <input_file_ref idref="fl-2c"/>
      </object_component>
      <object_component id="oc-293">
         <name>.debug_line</name>
         <load_address>0x12fd</load_address>
         <run_address>0x12fd</run_address>
         <size>0x64</size>
         <input_file_ref idref="fl-2d"/>
      </object_component>
      <object_component id="oc-1f8">
         <name>.debug_line</name>
         <load_address>0x1361</load_address>
         <run_address>0x1361</run_address>
         <size>0x3d</size>
         <input_file_ref idref="fl-2e"/>
      </object_component>
      <object_component id="oc-1be">
         <name>.debug_line</name>
         <load_address>0x139e</load_address>
         <run_address>0x139e</run_address>
         <size>0x3d</size>
         <input_file_ref idref="fl-40"/>
      </object_component>
      <object_component id="oc-384">
         <name>.debug_line</name>
         <load_address>0x13db</load_address>
         <run_address>0x13db</run_address>
         <size>0x56</size>
         <input_file_ref idref="fl-41"/>
      </object_component>
      <object_component id="oc-394">
         <name>.debug_line</name>
         <load_address>0x1431</load_address>
         <run_address>0x1431</run_address>
         <size>0x56</size>
         <input_file_ref idref="fl-42"/>
      </object_component>
      <object_component id="oc-37d">
         <name>.debug_line</name>
         <load_address>0x1487</load_address>
         <run_address>0x1487</run_address>
         <size>0x53</size>
         <input_file_ref idref="fl-43"/>
      </object_component>
      <object_component id="oc-2b9">
         <name>.debug_line</name>
         <load_address>0x14da</load_address>
         <run_address>0x14da</run_address>
         <size>0x20</size>
         <input_file_ref idref="fl-44"/>
      </object_component>
      <object_component id="oc-1a4">
         <name>.debug_line</name>
         <load_address>0x14fa</load_address>
         <run_address>0x14fa</run_address>
         <size>0x45</size>
         <input_file_ref idref="fl-44"/>
      </object_component>
      <object_component id="oc-20c">
         <name>.debug_line</name>
         <load_address>0x153f</load_address>
         <run_address>0x153f</run_address>
         <size>0x8a</size>
         <input_file_ref idref="fl-44"/>
      </object_component>
      <object_component id="oc-2c1">
         <name>.debug_line</name>
         <load_address>0x15c9</load_address>
         <run_address>0x15c9</run_address>
         <size>0x44</size>
         <input_file_ref idref="fl-47"/>
      </object_component>
      <object_component id="oc-38f">
         <name>.debug_line</name>
         <load_address>0x160d</load_address>
         <run_address>0x160d</run_address>
         <size>0x4d</size>
         <input_file_ref idref="fl-4a"/>
      </object_component>
      <object_component id="oc-1d0">
         <name>.debug_line</name>
         <load_address>0x165a</load_address>
         <run_address>0x165a</run_address>
         <size>0x3e</size>
         <input_file_ref idref="fl-4c"/>
      </object_component>
      <object_component id="oc-2c6">
         <name>.debug_line</name>
         <load_address>0x1698</load_address>
         <run_address>0x1698</run_address>
         <size>0xbb</size>
         <input_file_ref idref="fl-4f"/>
      </object_component>
      <object_component id="oc-1d6">
         <name>.debug_line</name>
         <load_address>0x1753</load_address>
         <run_address>0x1753</run_address>
         <size>0xa7</size>
         <input_file_ref idref="fl-4f"/>
      </object_component>
      <object_component id="oc-2ca">
         <name>.debug_line</name>
         <load_address>0x17fa</load_address>
         <run_address>0x17fa</run_address>
         <size>0x2e</size>
         <input_file_ref idref="fl-4f"/>
      </object_component>
      <object_component id="oc-231">
         <name>.debug_line</name>
         <load_address>0x1828</load_address>
         <run_address>0x1828</run_address>
         <size>0x8a</size>
         <input_file_ref idref="fl-4f"/>
      </object_component>
      <object_component id="oc-2cf">
         <name>.debug_line</name>
         <load_address>0x18b2</load_address>
         <run_address>0x18b2</run_address>
         <size>0x8b</size>
         <input_file_ref idref="fl-4f"/>
      </object_component>
      <object_component id="oc-343">
         <name>.debug_line</name>
         <load_address>0x193d</load_address>
         <run_address>0x193d</run_address>
         <size>0x98</size>
         <input_file_ref idref="fl-50"/>
      </object_component>
      <object_component id="oc-224">
         <name>.debug_line</name>
         <load_address>0x19d5</load_address>
         <run_address>0x19d5</run_address>
         <size>0x66</size>
         <input_file_ref idref="fl-50"/>
      </object_component>
      <object_component id="oc-347">
         <name>.debug_line</name>
         <load_address>0x1a3b</load_address>
         <run_address>0x1a3b</run_address>
         <size>0x2e</size>
         <input_file_ref idref="fl-50"/>
      </object_component>
      <object_component id="oc-22a">
         <name>.debug_line</name>
         <load_address>0x1a69</load_address>
         <run_address>0x1a69</run_address>
         <size>0x3a</size>
         <input_file_ref idref="fl-52"/>
      </object_component>
      <object_component id="oc-2f5">
         <name>.debug_frame</name>
         <load_address>0x0</load_address>
         <run_address>0x0</run_address>
         <size>0x47</size>
         <input_file_ref idref="fl-2"/>
      </object_component>
      <object_component id="oc-2fb">
         <name>.debug_frame</name>
         <load_address>0x47</load_address>
         <run_address>0x47</run_address>
         <size>0x50</size>
         <input_file_ref idref="fl-2"/>
      </object_component>
      <object_component id="oc-311">
         <name>.debug_frame</name>
         <load_address>0x97</load_address>
         <run_address>0x97</run_address>
         <size>0x51</size>
         <input_file_ref idref="fl-2"/>
      </object_component>
      <object_component id="oc-317">
         <name>.debug_frame</name>
         <load_address>0xe8</load_address>
         <run_address>0xe8</run_address>
         <size>0x6a</size>
         <input_file_ref idref="fl-2"/>
      </object_component>
      <object_component id="oc-264">
         <name>.debug_frame</name>
         <load_address>0x152</load_address>
         <run_address>0x152</run_address>
         <size>0x47</size>
         <input_file_ref idref="fl-2"/>
      </object_component>
      <object_component id="oc-27c">
         <name>.debug_frame</name>
         <load_address>0x199</load_address>
         <run_address>0x199</run_address>
         <size>0x50</size>
         <input_file_ref idref="fl-2"/>
      </object_component>
      <object_component id="oc-376">
         <name>.debug_frame</name>
         <load_address>0x1e9</load_address>
         <run_address>0x1e9</run_address>
         <size>0x47</size>
         <input_file_ref idref="fl-3"/>
      </object_component>
      <object_component id="oc-304">
         <name>.debug_frame</name>
         <load_address>0x230</load_address>
         <run_address>0x230</run_address>
         <size>0x47</size>
         <input_file_ref idref="fl-3"/>
      </object_component>
[...]
      </symbol>
      <symbol id="sm-f8">
         <name>__TI_CINIT_Limit</name>
         <value>0x31ae</value>
      </symbol>
      <symbol id="sm-f9">
         <name>__TI_Handler_Table_Base</name>
         <value>0x3196</value>
      </symbol>
      <symbol id="sm-fa">
         <name>__TI_Handler_Table_Limit</name>
         <value>0x319e</value>
      </symbol>
      <symbol id="sm-fb">
         <name>__STACK_SIZE</name>
         <value>0x50</value>
      </symbol>
      <symbol id="sm-fc">
         <name>__STACK_END</name>
         <value>0x3100</value>
      </symbol>
      <symbol id="sm-fd">
         <name>__c_args__</name>
         <value>0xffffffff</value>
      </symbol>
      <symbol id="sm-fe">
         <name>__TI_pprof_out_hndl</name>
         <value>0xffffffff</value>
      </symbol>
      <symbol id="sm-ff">
         <name>__TI_prof_data_start</name>
         <value>0xffffffff</value>
      </symbol>
      <symbol id="sm-100">
         <name>__TI_prof_data_size</name>
         <value>0xffffffff</value>
      </symbol>
      <symbol id="sm-197">
         <name>bmp280_init</name>
         <value>0x10ef2</value>
         <object_component_ref idref="oc-25f"/>
      </symbol>
      <symbol id="sm-198">
         <name>bmp280_get_measurements</name>
         <value>0x10ca0</value>
         <object_component_ref idref="oc-277"/>
      </symbol>
      <symbol id="sm-1ce">
         <name>dht11_get_measurements</name>
         <value>0x10964</value>
         <object_component_ref idref="oc-271"/>
      </symbol>
      <symbol id="sm-1fa">
         <name>i2c_start</name>
         <value>0x10e08</value>
         <object_component_ref idref="oc-354"/>
      </symbol>
      <symbol id="sm-1fb">
         <name>i2c_read_byte</name>
         <value>0x10e56</value>
         <object_component_ref idref="oc-367"/>
      </symbol>
      <symbol id="sm-1fc">
         <name>i2c_write_byte</name>
         <value>0x10ee6</value>
         <object_component_ref idref="oc-35a"/>
      </symbol>
      <symbol id="sm-1fd">
         <name>i2c_stop</name>
         <value>0x10eda</value>
         <object_component_ref idref="oc-360"/>
      </symbol>
      <symbol id="sm-1fe">
         <name>i2c_init</name>
         <value>0x10d60</value>
         <object_component_ref idref="oc-34e"/>
      </symbol>
      <symbol id="sm-232">
         <name>lcd_putchar</name>
         <value>0x10c6a</value>
         <object_component_ref idref="oc-283"/>
      </symbol>
      <symbol id="sm-233">
         <name>LCD_MAX_CHARS</name>
         <value>0x3181</value>
         <object_component_ref idref="oc-320"/>
      </symbol>
      <symbol id="sm-234">
         <name>lcd_char_map</name>
         <value>0x316a</value>
         <object_component_ref idref="oc-31d"/>
      </symbol>
      <symbol id="sm-235">
         <name>lcd_cls</name>
         <value>0x10e26</value>
         <object_component_ref idref="oc-27d"/>
      </symbol>
      <symbol id="sm-236">
         <name>lcd_init</name>
         <value>0x10d8c</value>
         <object_component_ref idref="oc-253"/>
      </symbol>
      <symbol id="sm-237">
         <name>lcd_special_char</name>
         <value>0x10ab4</value>
         <object_component_ref idref="oc-289"/>
      </symbol>
      <symbol id="sm-265">
         <name>led_init</name>
         <value>0x10efc</value>
         <object_component_ref idref="oc-259"/>
      </symbol>
      <symbol id="sm-266">
         <name>timer_callback</name>
         <value>0x10f06</value>
         <object_component_ref idref="oc-265"/>
      </symbol>
      <symbol id="sm-267">
         <name>set_mclk_8mhz</name>
         <value>0x10de4</value>
         <object_component_ref idref="oc-247"/>
      </symbol>
      <symbol id="sm-268">
         <name>main</name>
         <value>0x102aa</value>
         <object_component_ref idref="oc-1ec"/>
      </symbol>
      <symbol id="sm-269">
         <name>timer_flag</name>
         <value>0x1126</value>
         <object_component_ref idref="oc-29e"/>
      </symbol>
      <symbol id="sm-284">
         <name>__TI_int16</name>
         <value>0xffe0</value>
         <object_component_ref idref="oc-55"/>
      </symbol>
      <symbol id="sm-285">
         <name>timer_init</name>
         <value>0x10ea8</value>
         <object_component_ref idref="oc-26b"/>
      </symbol>
      <symbol id="sm-286">
         <name>timer_isr</name>
         <value>0x311a</value>
         <object_component_ref idref="oc-1bf"/>
      </symbol>
      <symbol id="sm-2ab">
         <name>usart1_putc</name>
         <value>0x10ecc</value>
         <object_component_ref idref="oc-3a0"/>
      </symbol>
      <symbol id="sm-2ac">
         <name>usart1_puts</name>
         <value>0x10eba</value>
         <object_component_ref idref="oc-331"/>
      </symbol>
      <symbol id="sm-2ad">
         <name>usart1_init_38400</name>
         <value>0x10d06</value>
         <object_component_ref idref="oc-24d"/>
      </symbol>
      <symbol id="sm-2ae">
         <name>usart1_put_s32</name>
         <value>0x1050e</value>
         <object_component_ref idref="oc-337"/>
      </symbol>
      <symbol id="sm-2c0">
         <name>wifi_send_data_frame</name>
         <value>0x107c6</value>
         <object_component_ref idref="oc-2a1"/>
      </symbol>
      <symbol id="sm-2c8">
         <name>__mspabi_sral_15</name>
         <value>0x10b76</value>
         <object_component_ref idref="oc-386"/>
      </symbol>
      <symbol id="sm-2c9">
         <name>__mspabi_sral_14</name>
         <value>0x10b7a</value>
         <object_component_ref idref="oc-386"/>
      </symbol>
      <symbol id="sm-2ca">
         <name>__mspabi_sral_13</name>
         <value>0x10b7e</value>
         <object_component_ref idref="oc-386"/>
      </symbol>
      <symbol id="sm-2cb">
         <name>__mspabi_sral_12</name>
         <value>0x10b82</value>
         <object_component_ref idref="oc-386"/>
      </symbol>
      <symbol id="sm-2cc">
         <name>__mspabi_sral_11</name>
         <value>0x10b86</value>
         <object_component_ref idref="oc-386"/>
      </symbol>
      <symbol id="sm-2cd">
         <name>__mspabi_sral_10</name>
         <value>0x10b8a</value>
         <object_component_ref idref="oc-386"/>
      </symbol>
      <symbol id="sm-2ce">
         <name>__mspabi_sral_8</name>
         <value>0x10b92</value>
         <object_component_ref idref="oc-386"/>
      </symbol>
      <symbol id="sm-2cf">
         <name>__mspabi_sral_9</name>
         <value>0x10b8e</value>
         <object_component_ref idref="oc-386"/>
      </symbol>
      <symbol id="sm-2d0">
         <name>__mspabi_sral_6</name>
         <value>0x10b9a</value>
         <object_component_ref idref="oc-386"/>
      </symbol>
      <symbol id="sm-2d1">
         <name>__mspabi_sral_7</name>
         <value>0x10b96</value>
         <object_component_ref idref="oc-386"/>
      </symbol>
      <symbol id="sm-2d2">
         <name>__mspabi_sral_4</name>
         <value>0x10ba2</value>
         <object_component_ref idref="oc-386"/>
      </symbol>
      <symbol id="sm-2d3">
         <name>__mspabi_sral_5</name>
         <value>0x10b9e</value>
         <object_component_ref idref="oc-386"/>
      </symbol>
      <symbol id="sm-2d4">
         <name>__mspabi_sral_2</name>
         <value>0x10baa</value>
         <object_component_ref idref="oc-386"/>
      </symbol>
      <symbol id="sm-2d5">
         <name>__mspabi_sral_3</name>
         <value>0x10ba6</value>
         <object_component_ref idref="oc-386"/>
      </symbol>
      <symbol id="sm-2d6">
         <name>__mspabi_sral_1</name>
         <value>0x10bae</value>
         <object_component_ref idref="oc-386"/>
      </symbol>
      <symbol id="sm-2de">
         <name>_stack</name>
         <value>0x30b0</value>
         <object_component_ref idref="oc-19c"/>
      </symbol>
      <symbol id="sm-2df">
         <name>_reset_vector</name>
         <value>0xfffe</value>
         <object_component_ref idref="oc-19f"/>
      </symbol>
      <symbol id="sm-2e9">
         <name>_c_int00_noargs_noexit</name>
         <value>0x3100</value>
         <object_component_ref idref="oc-82"/>
      </symbol>
      <symbol id="sm-2ff">
         <name>__TI_decompress_none</name>
         <value>0x10e96</value>
         <object_component_ref idref="oc-47"/>
      </symbol>
      <symbol id="sm-321">
         <name>__TI_decompress_rle24</name>
         <value>0x10f16</value>
         <object_component_ref idref="oc-4d"/>
      </symbol>
      <symbol id="sm-32e">
         <name>__mspabi_remi</name>
         <value>0x10db8</value>
         <object_component_ref idref="oc-294"/>
      </symbol>
      <symbol id="sm-32f">
         <name>__mspabi_divi</name>
         <value>0x10db8</value>
         <object_component_ref idref="oc-294"/>
      </symbol>
      <symbol id="sm-339">
         <name>__mspabi_remu</name>
         <value>0x10e6c</value>
         <object_component_ref idref="oc-326"/>
      </symbol>
      <symbol id="sm-33a">
         <name>__mspabi_divu</name>
         <value>0x10e6c</value>
         <object_component_ref idref="oc-326"/>
      </symbol>
      <symbol id="sm-346">
         <name>__mspabi_remli</name>
         <value>0x10af8</value>
         <object_component_ref idref="oc-299"/>
      </symbol>
      <symbol id="sm-347">
         <name>__mspabi_divli</name>
         <value>0x10af8</value>
         <object_component_ref idref="oc-299"/>
      </symbol>
      <symbol id="sm-355">
         <name>__mspabi_remul</name>
         <value>0x109bc</value>
         <object_component_ref idref="oc-28f"/>
      </symbol>
      <symbol id="sm-356">
         <name>__mspabi_divul</name>
         <value>0x109bc</value>
         <object_component_ref idref="oc-28f"/>
      </symbol>
      <symbol id="sm-360">
         <name>C$$EXIT</name>
         <value>0x10f10</value>
         <object_component_ref idref="oc-1f4"/>
      </symbol>
      <symbol id="sm-361">
         <name>abort</name>
         <value>0x10f10</value>
         <object_component_ref idref="oc-1f4"/>
      </symbol>
      <symbol id="sm-365">
         <name>__TI_int14</name>
         <value>0xffdc</value>
         <object_component_ref idref="oc-53"/>
      </symbol>
      <symbol id="sm-368">
         <name>__TI_int15</name>
         <value>0xffde</value>
         <object_component_ref idref="oc-54"/>
      </symbol>
      <symbol id="sm-36b">
         <name>__TI_int17</name>
         <value>0xffe2</value>
         <object_component_ref idref="oc-56"/>
      </symbol>
      <symbol id="sm-36e">
         <name>__TI_int18</name>
         <value>0xffe4</value>
         <object_component_ref idref="oc-57"/>
      </symbol>
      <symbol id="sm-371">
         <name>__TI_int19</name>
         <value>0xffe6</value>
         <object_component_ref idref="oc-58"/>
      </symbol>
      <symbol id="sm-374">
         <name>__TI_int20</name>
         <value>0xffe8</value>
         <object_component_ref idref="oc-59"/>
      </symbol>
      <symbol id="sm-377">
         <name>__TI_int21</name>
         <value>0xffea</value>
         <object_component_ref idref="oc-5a"/>
      </symbol>
      <symbol id="sm-37a">
         <name>__TI_int22</name>
         <value>0xffec</value>
         <object_component_ref idref="oc-5b"/>
      </symbol>
      <symbol id="sm-37d">
         <name>__TI_int23</name>
         <value>0xffee</value>
         <object_component_ref idref="oc-5c"/>
      </symbol>
      <symbol id="sm-380">
         <name>__TI_int24</name>
         <value>0xfff0</value>
         <object_component_ref idref="oc-5d"/>
      </symbol>
      <symbol id="sm-383">
         <name>__TI_int25</name>
         <value>0xfff2</value>
         <object_component_ref idref="oc-5e"/>
      </symbol>
      <symbol id="sm-386">
         <name>__TI_int26</name>
         <value>0xfff4</value>
         <object_component_ref idref="oc-5f"/>
      </symbol>
      <symbol id="sm-389">
         <name>__TI_int27</name>
         <value>0xfff6</value>
         <object_component_ref idref="oc-60"/>
      </symbol>
      <symbol id="sm-38c">
         <name>__TI_int28</name>
         <value>0xfff8</value>
         <object_component_ref idref="oc-61"/>
      </symbol>
      <symbol id="sm-38f">
         <name>__TI_int29</name>
         <value>0xfffa</value>
         <object_component_ref idref="oc-62"/>
      </symbol>
      <symbol id="sm-392">
         <name>__TI_int30</name>
         <value>0xfffc</value>
         <object_component_ref idref="oc-63"/>
      </symbol>
      <symbol id="sm-39a">
         <name>__TI_ISR_TRAP</name>
         <value>0x312c</value>
         <object_component_ref idref="oc-1ba"/>
      </symbol>
      <symbol id="sm-3a2">
         <name>__mspabi_slll_9</name>
         <value>0x10bcc</value>
         <object_component_ref idref="oc-380"/>
      </symbol>
      <symbol id="sm-3a3">
         <name>__mspabi_slll_8</name>
         <value>0x10bd0</value>
         <object_component_ref idref="oc-380"/>
      </symbol>
      <symbol id="sm-3a4">
         <name>__mspabi_slll_7</name>
         <value>0x10bd4</value>
         <object_component_ref idref="oc-380"/>
      </symbol>
      <symbol id="sm-3a5">
         <name>__mspabi_slll_6</name>
         <value>0x10bd8</value>
         <object_component_ref idref="oc-380"/>
      </symbol>
      <symbol id="sm-3a6">
         <name>__mspabi_slll_5</name>
         <value>0x10bdc</value>
         <object_component_ref idref="oc-380"/>
      </symbol>
      <symbol id="sm-3a7">
         <name>__mspabi_slll_4</name>
         <value>0x10be0</value>
         <object_component_ref idref="oc-380"/>
      </symbol>
      <symbol id="sm-3a8">
         <name>__mspabi_slll_3</name>
         <value>0x10be4</value>
         <object_component_ref idref="oc-380"/>
      </symbol>
      <symbol id="sm-3a9">
         <name>__mspabi_slll_2</name>
         <value>0x10be8</value>
         <object_component_ref idref="oc-380"/>
      </symbol>
      <symbol id="sm-3aa">
         <name>__mspabi_slll_1</name>
         <value>0x10bec</value>
         <object_component_ref idref="oc-380"/>
      </symbol>
      <symbol id="sm-3ab">
         <name>__mspabi_slll_15</name>
         <value>0x10bb4</value>
         <object_component_ref idref="oc-380"/>
      </symbol>
      <symbol id="sm-3ac">
         <name>__mspabi_slll_14</name>
         <value>0x10bb8</value>
         <object_component_ref idref="oc-380"/>
      </symbol>
      <symbol id="sm-3ad">
         <name>__mspabi_slll_13</name>
         <value>0x10bbc</value>
         <object_component_ref idref="oc-380"/>
      </symbol>
      <symbol id="sm-3ae">
         <name>__mspabi_slll_12</name>
         <value>0x10bc0</value>
         <object_component_ref idref="oc-380"/>
      </symbol>
      <symbol id="sm-3af">
         <name>__mspabi_slll_11</name>
         <value>0x10bc4</value>
         <object_component_ref idref="oc-380"/>
      </symbol>
      <symbol id="sm-3b0">
         <name>__mspabi_slll_10</name>
         <value>0x10bc8</value>
         <object_component_ref idref="oc-380"/>
      </symbol>
      <symbol id="sm-3b8">
         <name>__mspabi_srll_8</name>
         <value>0x10c0e</value>
         <object_component_ref idref="oc-390"/>
      </symbol>
      <symbol id="sm-3b9">
         <name>__mspabi_srll_9</name>
         <value>0x10c0a</value>
         <object_component_ref idref="oc-390"/>
      </symbol>
      <symbol id="sm-3ba">
         <name>__mspabi_srll_6</name>
         <value>0x10c16</value>
         <object_component_ref idref="oc-390"/>
      </symbol>
      <symbol id="sm-3bb">
         <name>__mspabi_srll_7</name>
         <value>0x10c12</value>
         <object_component_ref idref="oc-390"/>
      </symbol>
      <symbol id="sm-3bc">
         <name>__mspabi_srll_4</name>
         <value>0x10c1e</value>
         <object_component_ref idref="oc-390"/>
      </symbol>
      <symbol id="sm-3bd">
         <name>__mspabi_srll_5</name>
         <value>0x10c1a</value>
         <object_component_ref idref="oc-390"/>
      </symbol>
      <symbol id="sm-3be">
         <name>__mspabi_srll_2</name>
         <value>0x10c26</value>
         <object_component_ref idref="oc-390"/>
      </symbol>
      <symbol id="sm-3bf">
         <name>__mspabi_srll_3</name>
         <value>0x10c22</value>
         <object_component_ref idref="oc-390"/>
      </symbol>
      <symbol id="sm-3c0">
         <name>__mspabi_srll_1</name>
         <value>0x10c2a</value>
         <object_component_ref idref="oc-390"/>
      </symbol>
      <symbol id="sm-3c1">
         <name>__mspabi_srll_15</name>
         <value>0x10bf2</value>
         <object_component_ref idref="oc-390"/>
      </symbol>
      <symbol id="sm-3c2">
         <name>__mspabi_srll_14</name>
         <value>0x10bf6</value>
         <object_component_ref idref="oc-390"/>
      </symbol>
      <symbol id="sm-3c3">
         <name>__mspabi_srll_13</name>
         <value>0x10bfa</value>
         <object_component_ref idref="oc-390"/>
      </symbol>
      <symbol id="sm-3c4">
         <name>__mspabi_srll_12</name>
         <value>0x10bfe</value>
         <object_component_ref idref="oc-390"/>
      </symbol>
      <symbol id="sm-3c5">
         <name>__mspabi_srll_11</name>
         <value>0x10c02</value>
         <object_component_ref idref="oc-390"/>
      </symbol>
      <symbol id="sm-3c6">
         <name>__mspabi_srll_10</name>
         <value>0x10c06</value>
         <object_component_ref idref="oc-390"/>
      </symbol>
      <symbol id="sm-3d3">
         <name>__mspabi_srlll</name>
         <value>0x10c30</value>
         <object_component_ref idref="oc-379"/>
      </symbol>
      <symbol id="sm-3e6">
         <name>memcpy</name>
         <value>0x10e82</value>
         <object_component_ref idref="oc-1a0"/>
      </symbol>
      <symbol id="sm-3f0">
         <name>__mspabi_mpyi_hw</name>
         <value>0x10e3e</value>
         <object_component_ref idref="oc-2bd"/>
      </symbol>
      <symbol id="sm-3fa">
         <name>__mspabi_mpyl_hw</name>
         <value>0x10cd4</value>
         <object_component_ref idref="oc-38b"/>
      </symbol>
      <symbol id="sm-404">
         <name>_system_pre_init</name>
         <value>0x10f1c</value>
         <object_component_ref idref="oc-1cc"/>
      </symbol>
      <symbol id="sm-428">
         <name>_auto_init_hold_wdt</name>
         <value>0x10744</value>
         <object_component_ref idref="oc-1d2"/>
      </symbol>
      <symbol id="sm-43e">
         <name>copy_in</name>
         <value>0x1089c</value>
         <object_component_ref idref="oc-220"/>
      </symbol>
      <symbol id="sm-448">
         <name>_system_post_cinit</name>
         <value>0x10f20</value>
         <object_component_ref idref="oc-226"/>
      </symbol>
      <symbol id="sm-44b">
         <name>__TI_BINIT_Base</name>
         <value>0x0</value>
      </symbol>
      <symbol id="sm-44c">
         <name>__TI_BINIT_Limit</name>
         <value>0x0</value>
      </symbol>
      <symbol id="sm-44d">
         <name>__TI_INITARRAY_Base</name>
         <value>0x0</value>
      </symbol>
      <symbol id="sm-44e">
         <name>__TI_INITARRAY_Limit</name>
         <value>0x0</value>
      </symbol>
   </symbol_table>
   <title>Link successful</title>
</link_info>
