******************************************************************************
                  MSP430 Linker PC v15.12.3                    
******************************************************************************
>> Linked Tue Mar 10 19:05:54 2020

OUTPUT FILE NAME:   <msp430_data_logger.out>
ENTRY POINT SYMBOL: "_c_int00_noargs_noexit"  address: 00003100


MEMORY CONFIGURATION

         name            origin    length      used     unused   attr    fill
----------------------  --------  ---------  --------  --------  ----  --------
  SFR                   00000000   00000010  00000000  00000010  RWIX
  PERIPHERALS_8BIT      00000010   000000f0  00000000  000000f0  RWIX
  PERIPHERALS_16BIT     00000100   00000100  00000000  00000100  RWIX
  INFOB                 00001000   00000080  00000000  00000080  RWIX
  INFOA                 00001080   00000080  00000000  00000080  RWIX
  RAM                   00001100   00002000  00000077  00001f89  RWIX
  FLASH                 00003100   0000cebe  000000ae  0000ce10  RWIX
  BSLSIGNATURE          0000ffbe   00000002  00000002  00000000  RWIX  ffff 
  INT00                 0000ffc0   00000002  00000000  00000002  RWIX
  INT01                 0000ffc2   00000002  00000000  00000002  RWIX
  INT02                 0000ffc4   00000002  00000000  00000002  RWIX
  INT03                 0000ffc6   00000002  00000000  00000002  RWIX
  INT04                 0000ffc8   00000002  00000000  00000002  RWIX
  INT05                 0000ffca   00000002  00000000  00000002  RWIX
  INT06                 0000ffcc   00000002  00000000  00000002  RWIX
  INT07                 0000ffce   00000002  00000000  00000002  RWIX
  INT08                 0000ffd0   00000002  00000000  00000002  RWIX
  INT09                 0000ffd2   00000002  00000000  00000002  RWIX
  INT10                 0000ffd4   00000002  00000000  00000002  RWIX
  INT11                 0000ffd6   00000002  00000000  00000002  RWIX
  INT12                 0000ffd8   00000002  00000000  00000002  RWIX
  INT13                 0000ffda   00000002  00000000  00000002  RWIX
  INT14                 0000ffdc   00000002  00000002  00000000  RWIX
  INT15                 0000ffde   00000002  00000002  00000000  RWIX
  INT16                 0000ffe0   00000002  00000002  00000000  RWIX
  INT17                 0000ffe2   00000002  00000002  00000000  RWIX
  INT18                 0000ffe4   00000002  00000002  00000000  RWIX
  INT19                 0000ffe6   00000002  00000002  00000000  RWIX
  INT20                 0000ffe8   00000002  00000002  00000000  RWIX
  INT21                 0000ffea   00000002  00000002  00000000  RWIX
  INT22                 0000ffec   00000002  00000002  00000000  RWIX
  INT23                 0000ffee   00000002  00000002  00000000  RWIX
  INT24                 0000fff0   00000002  00000002  00000000  RWIX
  INT25                 0000fff2   00000002  00000002  00000000  RWIX
  INT26                 0000fff4   00000002  00000002  00000000  RWIX
  INT27                 0000fff6   00000002  00000002  00000000  RWIX
  INT28                 0000fff8   00000002  00000002  00000000  RWIX
  INT29                 0000fffa   00000002  00000002  00000000  RWIX
  INT30                 0000fffc   00000002  00000002  00000000  RWIX
  RESET                 0000fffe   00000002  00000002  00000000  RWIX
  FLASH2                00010000   00010000  00000f22  0000f0de  RWIX


SECTION ALLOCATION MAP

 output                                  attributes/
section   page    origin      length       input sections
--------  ----  ----------  ----------   ----------------
.bss       0    00001100    00000022     UNINITIALIZED
                  00001100    0000001a     bmp280.obj (.bss:cal)
                  0000111a    00000008     bmp280.obj (.bss:meas)

.data      0    00001122    00000005     UNINITIALIZED
                  00001122    00000004     timer.obj (.data)
                  00001126    00000001     main.obj (.data)

.stack     0    000030b0    00000050     UNINITIALIZED
                  000030b0    00000004     rts430x_lc_rd_eabi.lib : boot.obj (.stack)
                  000030b4    0000004c     --HOLE--

.text:_isr 
*          0    00003100    00000034     
                  00003100    0000001a     rts430x_lc_rd_eabi.lib : boot_special.obj (.text:_isr:_c_int00_noargs_noexit)
                  0000311a    00000012     timer.obj (.text:_isr:timer_isr)
                  0000312c    00000008     rts430x_lc_rd_eabi.lib : isr_trap.obj (.text:_isr:__TI_ISR_TRAP)

.cinit     0    00003182    0000002c     
                  00003182    00000009     (.cinit..bss.load) [load image, compression = rle]
                  0000318b    00000001     --HOLE-- [fill = 0]
                  0000318c    00000009     (.cinit..data.load) [load image, compression = rle]
                  00003195    00000001     --HOLE-- [fill = 0]
                  00003196    00000008     (__TI_handler_table)
                  0000319e    00000010     (__TI_cinit_table)

.binit     0    00003100    00000000     

.init_array 
*          0    00003100    00000000     UNINITIALIZED

.const     0    00003134    0000004e     
                  00003134    00000036     wifi.obj (.const:.string)
                  0000316a    00000017     lcd.obj (.const:.string:lcd_char_map)
                  00003181    00000001     lcd.obj (.const)

$fill000   0    0000ffbe    00000002     
                  0000ffbe    00000002     --HOLE-- [fill = ffff]

DAC12      0    0000ffdc    00000002     
                  0000ffdc    00000002     rts430x_lc_rd_eabi.lib : int14.obj (.int14)

DMA        0    0000ffde    00000002     
                  0000ffde    00000002     rts430x_lc_rd_eabi.lib : int15.obj (.int15)

BASICTIMER 
*          0    0000ffe0    00000002     
                  0000ffe0    00000002     timer.obj (.int16)

PORT2      0    0000ffe2    00000002     
                  0000ffe2    00000002     rts430x_lc_rd_eabi.lib : int17.obj (.int17)

USART1TX   0    0000ffe4    00000002     
                  0000ffe4    00000002     rts430x_lc_rd_eabi.lib : int18.obj (.int18)

USART1RX   0    0000ffe6    00000002     
                  0000ffe6    00000002     rts430x_lc_rd_eabi.lib : int19.obj (.int19)

PORT1      0    0000ffe8    00000002     
                  0000ffe8    00000002     rts430x_lc_rd_eabi.lib : int20.obj (.int20)

TIMERA1    0    0000ffea    00000002     
                  0000ffea    00000002     rts430x_lc_rd_eabi.lib : int21.obj (.int21)

TIMERA0    0    0000ffec    00000002     
                  0000ffec    00000002     rts430x_lc_rd_eabi.lib : int22.obj (.int22)

ADC12      0    0000ffee    00000002     
                  0000ffee    00000002     rts430x_lc_rd_eabi.lib : int23.obj (.int23)

USCIAB0TX 
*          0    0000fff0    00000002     
                  0000fff0    00000002     rts430x_lc_rd_eabi.lib : int24.obj (.int24)

USCIAB0RX 
*          0    0000fff2    00000002     
                  0000fff2    00000002     rts430x_lc_rd_eabi.lib : int25.obj (.int25)

WDT        0    0000fff4    00000002     
                  0000fff4    00000002     rts430x_lc_rd_eabi.lib : int26.obj (.int26)

COMPARATORA 
*          0    0000fff6    00000002     
                  0000fff6    00000002     rts430x_lc_rd_eabi.lib : int27.obj (.int27)

TIMERB1    0    0000fff8    00000002     
                  0000fff8    00000002     rts430x_lc_rd_eabi.lib : int28.obj (.int28)

TIMERB0    0    0000fffa    00000002     
                  0000fffa    00000002     rts430x_lc_rd_eabi.lib : int29.obj (.int29)

NMI        0    0000fffc    00000002     
                  0000fffc    00000002     rts430x_lc_rd_eabi.lib : int30.obj (.int30)

.reset     0    0000fffe    00000002     
                  0000fffe    00000002     rts430x_lc_rd_eabi.lib : boot.obj (.reset)

.text      0    00010000    00000f22     
                  00010000    000002aa     bmp280.obj (.text:bmp280_compute_compensation)
                  000102aa    00000264     main.obj (.text:main)
                  0001050e    00000178     uart.obj (.text:usart1_put_s32)
                  00010686    000000be     bmp280.obj (.text:bmp280_read_registers)
                  00010744    00000082     rts430x_lc_rd_eabi.lib : autoinit_wdt.obj (.text:_auto_init_hold_wdt)
                  000107c6    0000006e     wifi.obj (.text:wifi_send_data_frame)
                  00010834    00000068     rts430x_lc_rd_eabi.lib : copy_decompress_rle.obj (.text:__TI_decompress_rle_core)
                  0001089c    00000066                            : cpy_tbl.obj (.text:copy_in)
                  00010902    00000062     dht11.obj (.text:dht11_get_data_frame)
                  00010964    00000058     dht11.obj (.text:dht11_get_measurements)
                  000109bc    00000058     rts430x_lc_rd_eabi.lib : div32u.obj (.text)
                  00010a14    00000052     dht11.obj (.text:dht11_check_checksum)
                  00010a66    0000004e     bmp280.obj (.text:bmp280_read_calibration)
                  00010ab4    00000044     lcd.obj (.text:lcd_special_char)
                  00010af8    00000040     rts430x_lc_rd_eabi.lib : div32s.obj (.text)
                  00010b38    0000003e     dht11.obj (.text:dht11_reset)
                  00010b76    0000003e     rts430x_lc_rd_eabi.lib : asr32.obj (.text:l_asr_const)
                  00010bb4    0000003e                            : lsl32.obj (.text:l_lsl_const)
                  00010bf2    0000003e                            : lsr32.obj (.text:l_lsr_const)
                  00010c30    0000003a                            : lsr64.obj (.text:__mspabi_srlll)
                  00010c6a    00000036     lcd.obj (.text:lcd_putchar)
                  00010ca0    00000034     bmp280.obj (.text:bmp280_get_measurements)
                  00010cd4    00000032     rts430x_lc_rd_eabi.lib : mult32_hw.obj (.text)
                  00010d06    0000002e     uart.obj (.text:usart1_init_38400)
                  00010d34    0000002c     bmp280.obj (.text:bmp280_configure)
                  00010d60    0000002c     i2c.obj (.text:i2c_init)
                  00010d8c    0000002c     lcd.obj (.text:lcd_init)
                  00010db8    0000002c     rts430x_lc_rd_eabi.lib : div16s.obj (.text)
                  00010de4    00000024     main.obj (.text:set_mclk_8mhz)
                  00010e08    0000001e     i2c.obj (.text:i2c_start)
                  00010e26    00000018     lcd.obj (.text:lcd_cls)
                  00010e3e    00000018     rts430x_lc_rd_eabi.lib : mult16_hw.obj (.text)
                  00010e56    00000016     i2c.obj (.text:i2c_read_byte)
                  00010e6c    00000016     rts430x_lc_rd_eabi.lib : div16u.obj (.text)
                  00010e82    00000014                            : memcpy.obj (.text:memcpy)
                  00010e96    00000012                            : copy_decompress_none.obj (.text:decompress:none:__TI_decompress_none)
                  00010ea8    00000012     timer.obj (.text:timer_init)
                  00010eba    00000012     uart.obj (.text:usart1_puts)
                  00010ecc    0000000e     uart.obj (.text:usart1_putc)
                  00010eda    0000000c     i2c.obj (.text:i2c_stop)
                  00010ee6    0000000c     i2c.obj (.text:i2c_write_byte)
                  00010ef2    0000000a     bmp280.obj (.text:bmp280_init)
                  00010efc    0000000a     main.obj (.text:led_init)
                  00010f06    0000000a     main.obj (.text:timer_callback)
                  00010f10    00000006     rts430x_lc_rd_eabi.lib : exit.obj (.text:abort)
                  00010f16    00000006                            : copy_decompress_rle.obj (.text:decompress:rle24:__TI_decompress_rle24)
                  00010f1c    00000004                            : pre_init.obj (.text:_system_pre_init)
                  00010f20    00000002                            : startup.obj (.text:_system_post_cinit)

MODULE SUMMARY

       Module                     code   ro data   rw data
       ------                     ----   -------   -------
    .\
       bmp280.obj                 1056   0         34     
       main.obj                   668    0         1      
       uart.obj                   454    0         0      
       dht11.obj                  330    0         0      
       lcd.obj                    190    24        0      
       wifi.obj                   110    54        0      
       i2c.obj                    120    0         0      
       timer.obj                  36     2         4      
    +--+--------------------------+------+---------+---------+
       Total:                     2964   80        39     
                                                          
    C:\ti\ccsv6\tools\compiler\msp430_15.12.3.LTS\lib\rts430x_lc_rd_eabi.lib
       autoinit_wdt.obj           130    0         0      
       copy_decompress_rle.obj    110    0         0      
       cpy_tbl.obj                102    0         0      
       div32u.obj                 88     0         0      
       div32s.obj                 64     0         0      
       asr32.obj                  62     0         0      
       lsl32.obj                  62     0         0      
       lsr32.obj                  62     0         0      
       lsr64.obj                  58     0         0      
       mult32_hw.obj              50     0         0      
       div16s.obj                 44     0         0      
       boot_special.obj           26     0         0      
       mult16_hw.obj              24     0         0      
       div16u.obj                 22     0         0      
       memcpy.obj                 20     0         0      
       copy_decompress_none.obj   18     0         0      
       isr_trap.obj               8      0         0      
       exit.obj                   6      0         0      
       pre_init.obj               4      0         0      
       boot.obj                   0      2         0      
       int14.obj                  0      2         0      
       int15.obj                  0      2         0      
       int17.obj                  0      2         0      
       int18.obj                  0      2         0      
       int19.obj                  0      2         0      
       int20.obj                  0      2         0      
       int21.obj                  0      2         0      
       int22.obj                  0      2         0      
       int23.obj                  0      2         0      
       int24.obj                  0      2         0      
       int25.obj                  0      2         0      
       int26.obj                  0      2         0      
       int27.obj                  0      2         0      
       int28.obj                  0      2         0      
       int29.obj                  0      2         0      
       int30.obj                  0      2         0      
       startup.obj                2      0         0      
    +--+--------------------------+------+---------+---------+
       Total:                     962    34        0      
                                                          
       Stack:                     0      0         80     
       Linker Generated:          0      42        0      
    +--+--------------------------+------+---------+---------+
       Grand Total:               3926   156       119    


LINKER GENERATED COPY TABLES

__TI_cinit_table @ 0000319e records: 2, size/record: 8, table size: 16
	.bss: load addr=00003182, load size=00000009 bytes, run addr=00001100, run size=00000022 bytes, compression=rle
	.data: load addr=0000318c, load size=00000009 bytes, run addr=00001122, run size=00000005 bytes, compression=rle


LINKER GENERATED HANDLER TABLE

__TI_handler_table @ 00003196 records: 2, size/record: 4, table size: 8
	index: 0, handler: __TI_decompress_rle24
	index: 1, handler: __TI_decompress_none


GLOBAL SYMBOLS: SORTED ALPHABETICALLY BY Name 

address   name                    
-------   ----                    
000001a0  ADC12CTL0               
000001a2  ADC12CTL1               
000001a6  ADC12IE                 
000001a4  ADC12IFG                
000001a8  ADC12IV                 
00000080  ADC12MCTL0              
00000081  ADC12MCTL1              
0000008a  ADC12MCTL10             
0000008b  ADC12MCTL11             
0000008c  ADC12MCTL12             
0000008d  ADC12MCTL13             
0000008e  ADC12MCTL14             
0000008f  ADC12MCTL15             
00000082  ADC12MCTL2              
00000083  ADC12MCTL3              
00000084  ADC12MCTL4              
00000085  ADC12MCTL5              
00000086  ADC12MCTL6              
00000087  ADC12MCTL7              
00000088  ADC12MCTL8              
00000089  ADC12MCTL9              
00000140  ADC12MEM0               
00000142  ADC12MEM1               
00000154  ADC12MEM10              
00000156  ADC12MEM11              
00000158  ADC12MEM12              
0000015a  ADC12MEM13              
0000015c  ADC12MEM14              
0000015e  ADC12MEM15              
00000144  ADC12MEM2               
00000146  ADC12MEM3               
00000148  ADC12MEM4               
0000014a  ADC12MEM5               
0000014c  ADC12MEM6               
0000014e  ADC12MEM7               
00000150  ADC12MEM8               
00000152  ADC12MEM9               
00000046  BTCNT1                  
00000046  BTCNT12                 
00000047  BTCNT2                  
00000040  BTCTL                   
00010f10  C$$EXIT                 
00000059  CACTL1                  
0000005a  CACTL2                  
0000005b  CAPD                    
000001c0  DAC12_0CTL              
000001c8  DAC12_0DAT              
000001c2  DAC12_1CTL              
000001ca  DAC12_1DAT              
000001d0  DMA0CTL                 
000001d6  DMA0DA                  
000001d6  DMA0DAL                 
000001d2  DMA0SA                  
000001d2  DMA0SAL                 
000001da  DMA0SZ                  
000001dc  DMA1CTL                 
000001e2  DMA1DA                  
000001e2  DMA1DAL                 
000001de  DMA1SA                  
000001de  DMA1SAL                 
000001e6  DMA1SZ                  
000001e8  DMA2CTL                 
000001ee  DMA2DA                  
000001ee  DMA2DAL                 
000001ea  DMA2SA                  
000001ea  DMA2SAL                 
000001f2  DMA2SZ                  
00000122  DMACTL0                 
00000124  DMACTL1                 
00000126  DMAIV                   
00000128  FCTL1                   
0000012a  FCTL2                   
0000012c  FCTL3                   
00000053  FLL_CTL0                
00000054  FLL_CTL1                
00000000  IE1                     
00000001  IE2                     
00000002  IFG1                    
00000003  IFG2                    
00000090  LCDACTL                 
000000ac  LCDAPCTL0               
000000ad  LCDAPCTL1               
000000ae  LCDAVCTL0               
000000af  LCDAVCTL1               
00000091  LCDM1                   
0000009a  LCDM10                  
0000009b  LCDM11                  
0000009c  LCDM12                  
0000009d  LCDM13                  
0000009e  LCDM14                  
0000009f  LCDM15                  
000000a0  LCDM16                  
000000a1  LCDM17                  
000000a2  LCDM18                  
000000a3  LCDM19                  
00000092  LCDM2                   
000000a4  LCDM20                  
00000093  LCDM3                   
00000094  LCDM4                   
00000095  LCDM5                   
00000096  LCDM6                   
00000097  LCDM7                   
00000098  LCDM8                   
00000099  LCDM9                   
00003181  LCD_MAX_CHARS           
00000134  MAC                     
00000136  MACS                    
00000005  ME2                     
00000130  MPY                     
00000132  MPYS                    
000000c0  OA0CTL0                 
000000c1  OA0CTL1                 
000000c2  OA1CTL0                 
000000c3  OA1CTL1                 
000000c4  OA2CTL0                 
000000c5  OA2CTL1                 
00000138  OP2                     
0000000d  P10DIR                  
00000009  P10IN                   
0000000b  P10OUT                  
0000000f  P10SEL                  
00000022  P1DIR                   
00000025  P1IE                    
00000024  P1IES                   
00000023  P1IFG                   
00000020  P1IN                    
00000021  P1OUT                   
00000026  P1SEL                   
0000002a  P2DIR                   
0000002d  P2IE                    
0000002c  P2IES                   
0000002b  P2IFG                   
00000028  P2IN                    
00000029  P2OUT                   
0000002e  P2SEL                   
0000001a  P3DIR                   
00000018  P3IN                    
00000019  P3OUT                   
0000001b  P3SEL                   
0000001e  P4DIR                   
0000001c  P4IN                    
0000001d  P4OUT                   
0000001f  P4SEL                   
00000032  P5DIR                   
00000030  P5IN                    
00000031  P5OUT                   
00000033  P5SEL                   
00000036  P6DIR                   
00000034  P6IN                    
00000035  P6OUT                   
00000037  P6SEL                   
0000003c  P7DIR                   
00000038  P7IN                    
0000003a  P7OUT                   
0000003e  P7SEL                   
0000003d  P8DIR                   
00000039  P8IN                    
0000003b  P8OUT                   
0000003f  P8SEL                   
0000000c  P9DIR                   
00000008  P9IN                    
0000000a  P9OUT                   
0000000e  P9SEL                   
0000003c  PADIR                   
00000038  PAIN                    
0000003a  PAOUT                   
0000003e  PASEL                   
0000000c  PBDIR                   
00000008  PBIN                    
0000000a  PBOUT                   
0000000e  PBSEL                   
0000013c  RESHI                   
0000013a  RESLO                   
00000041  RTCCTL                  
0000004c  RTCDATE                 
0000004c  RTCDAY                  
0000004d  RTCMON                  
00000042  RTCNT1                  
00000043  RTCNT2                  
00000044  RTCNT3                  
00000045  RTCNT4                  
00000042  RTCTIM0                 
00000044  RTCTIM1                 
00000040  RTCTL                   
0000004e  RTCYEAR                 
0000004f  RTCYEARH                
0000004e  RTCYEARL                
00000050  SCFI0                   
00000051  SCFI1                   
00000052  SCFQCTL                 
0000013e  SUMEXT                  
00000056  SVSCTL                  
00000172  TACCR0                  
00000174  TACCR1                  
00000176  TACCR2                  
00000162  TACCTL0                 
00000164  TACCTL1                 
00000166  TACCTL2                 
00000160  TACTL                   
0000012e  TAIV                    
00000170  TAR                     
00000192  TBCCR0                  
00000194  TBCCR1                  
00000196  TBCCR2                  
00000198  TBCCR3                  
0000019a  TBCCR4                  
0000019c  TBCCR5                  
0000019e  TBCCR6                  
00000182  TBCCTL0                 
00000184  TBCCTL1                 
00000186  TBCCTL2                 
00000188  TBCCTL3                 
0000018a  TBCCTL4                 
0000018c  TBCCTL5                 
0000018e  TBCCTL6                 
00000180  TBCTL                   
0000011e  TBIV                    
00000190  TBR                     
0000007c  U1BR0                   
0000007d  U1BR1                   
00000078  U1CTL                   
0000007b  U1MCTL                  
0000007a  U1RCTL                  
0000007e  U1RXBUF                 
00000079  U1TCTL                  
0000007f  U1TXBUF                 
0000005d  UCA0ABCTL               
00000062  UCA0BR0                 
00000063  UCA0BR1                 
00000060  UCA0CTL0                
00000061  UCA0CTL1                
0000005f  UCA0IRRCTL              
0000005e  UCA0IRTCTL              
00000064  UCA0MCTL                
00000066  UCA0RXBUF               
00000065  UCA0STAT                
00000067  UCA0TXBUF               
0000006a  UCB0BR0                 
0000006b  UCB0BR1                 
00000068  UCB0CTL0                
00000069  UCB0CTL1                
0000006c  UCB0I2CIE               
00000118  UCB0I2COA               
0000011a  UCB0I2CSA               
0000006e  UCB0RXBUF               
0000006d  UCB0STAT                
0000006f  UCB0TXBUF               
00000120  WDTCTL                  
00003100  __STACK_END             
00000050  __STACK_SIZE            
UNDEFED   __TI_BINIT_Base         
UNDEFED   __TI_BINIT_Limit        
0000319e  __TI_CINIT_Base         
000031ae  __TI_CINIT_Limit        
00003196  __TI_Handler_Table_Base 
0000319e  __TI_Handler_Table_Limit
UNDEFED   __TI_INITARRAY_Base     
UNDEFED   __TI_INITARRAY_Limit    
0000312c  __TI_ISR_TRAP           
00010e96  __TI_decompress_none    
00010f16  __TI_decompress_rle24   
0000ffdc  __TI_int14              
0000ffde  __TI_int15              
0000ffe0  __TI_int16              
0000ffe2  __TI_int17              
0000ffe4  __TI_int18              
0000ffe6  __TI_int19              
0000ffe8  __TI_int20              
0000ffea  __TI_int21              
0000ffec  __TI_int22              
0000ffee  __TI_int23              
0000fff0  __TI_int24              
0000fff2  __TI_int25              
0000fff4  __TI_int26              
0000fff6  __TI_int27              
0000fff8  __TI_int28              
0000fffa  __TI_int29              
0000fffc  __TI_int30              
ffffffff  __TI_pprof_out_hndl     
ffffffff  __TI_prof_data_size     
ffffffff  __TI_prof_data_start    
ffffffff  __c_args__              
00010db8  __mspabi_divi           
00010af8  __mspabi_divli          
00010e6c  __mspabi_divu           
000109bc  __mspabi_divul          
00010e3e  __mspabi_mpyi_hw        
00010cd4  __mspabi_mpyl_hw        
00010db8  __mspabi_remi           
00010af8  __mspabi_remli          
00010e6c  __mspabi_remu           
000109bc  __mspabi_remul          
00010bec  __mspabi_slll_1         
00010bc8  __mspabi_slll_10        
00010bc4  __mspabi_slll_11        
00010bc0  __mspabi_slll_12        
00010bbc  __mspabi_slll_13        
00010bb8  __mspabi_slll_14        
00010bb4  __mspabi_slll_15        
00010be8  __mspabi_slll_2         
00010be4  __mspabi_slll_3         
00010be0  __mspabi_slll_4         
00010bdc  __mspabi_slll_5         
00010bd8  __mspabi_slll_6         
00010bd4  __mspabi_slll_7         
00010bd0  __mspabi_slll_8         
00010bcc  __mspabi_slll_9         
00010bae  __mspabi_sral_1         
00010b8a  __mspabi_sral_10        
00010b86  __mspabi_sral_11        
00010b82  __mspabi_sral_12        
00010b7e  __mspabi_sral_13        
00010b7a  __mspabi_sral_14        
00010b76  __mspabi_sral_15        
00010baa  __mspabi_sral_2         
00010ba6  __mspabi_sral_3         
00010ba2  __mspabi_sral_4         
00010b9e  __mspabi_sral_5         
00010b9a  __mspabi_sral_6         
00010b96  __mspabi_sral_7         
00010b92  __mspabi_sral_8         
00010b8e  __mspabi_sral_9         
00010c2a  __mspabi_srll_1         
00010c06  __mspabi_srll_10        
00010c02  __mspabi_srll_11        
00010bfe  __mspabi_srll_12        
00010bfa  __mspabi_srll_13        
00010bf6  __mspabi_srll_14        
00010bf2  __mspabi_srll_15        
00010c26  __mspabi_srll_2         
00010c22  __mspabi_srll_3         
00010c1e  __mspabi_srll_4         
00010c1a  __mspabi_srll_5         
00010c16  __mspabi_srll_6         
00010c12  __mspabi_srll_7         
00010c0e  __mspabi_srll_8         
00010c0a  __mspabi_srll_9         
00010c30  __mspabi_srlll          
00010744  _auto_init_hold_wdt     
00003100  _c_int00_noargs_noexit  
0000fffe  _reset_vector           
000030b0  _stack                  
00010f20  _system_post_cinit      
00010f1c  _system_pre_init        
00010f10  abort                   
00010ca0  bmp280_get_measurements 
00010ef2  bmp280_init             
0001089c  copy_in                 
00010964  dht11_get_measurements  
00010d60  i2c_init                
00010e56  i2c_read_byte           
00010e08  i2c_start               
00010eda  i2c_stop                
00010ee6  i2c_write_byte          
0000316a  lcd_char_map            
00010e26  lcd_cls                 
00010d8c  lcd_init                
00010c6a  lcd_putchar             
00010ab4  lcd_special_char        
00010efc  led_init                
000102aa  main                    
00010e82  memcpy                  
00010de4  set_mclk_8mhz           
00010f06  timer_callback          
00001126  timer_flag              
00010ea8  timer_init              
0000311a  timer_isr               
00010d06  usart1_init_38400       
0001050e  usart1_put_s32          
00010ecc  usart1_putc             
00010eba  usart1_puts             
000107c6  wifi_send_data_frame    


GLOBAL SYMBOLS: SORTED BY Symbol Address 

address   name                    
-------   ----                    
00000000  IE1                     
00000001  IE2                     
00000002  IFG1                    
00000003  IFG2                    
00000005  ME2                     
00000008  P9IN                    
00000008  PBIN                    
00000009  P10IN                   
0000000a  P9OUT                   
0000000a  PBOUT                   
0000000b  P10OUT                  
0000000c  P9DIR                   
0000000c  PBDIR                   
0000000d  P10DIR                  
0000000e  P9SEL                   
0000000e  PBSEL                   
0000000f  P10SEL                  
00000018  P3IN                    
00000019  P3OUT                   
0000001a  P3DIR                   
0000001b  P3SEL                   
0000001c  P4IN                    
0000001d  P4OUT                   
0000001e  P4DIR                   
0000001f  P4SEL                   
00000020  P1IN                    
00000021  P1OUT                   
00000022  P1DIR                   
00000023  P1IFG                   
00000024  P1IES                   
00000025  P1IE                    
00000026  P1SEL                   
00000028  P2IN                    
00000029  P2OUT                   
0000002a  P2DIR                   
0000002b  P2IFG                   
0000002c  P2IES                   
0000002d  P2IE                    
0000002e  P2SEL                   
00000030  P5IN                    
00000031  P5OUT                   
00000032  P5DIR                   
00000033  P5SEL                   
00000034  P6IN                    
00000035  P6OUT                   
00000036  P6DIR                   
00000037  P6SEL                   
00000038  P7IN                    
00000038  PAIN                    
00000039  P8IN                    
0000003a  P7OUT                   
0000003a  PAOUT                   
0000003b  P8OUT                   
0000003c  P7DIR                   
0000003c  PADIR                   
0000003d  P8DIR                   
0000003e  P7SEL                   
0000003e  PASEL                   
0000003f  P8SEL                   
00000040  BTCTL                   
00000040  RTCTL                   
00000041  RTCCTL                  
00000042  RTCNT1                  
00000042  RTCTIM0                 
00000043  RTCNT2                  
00000044  RTCNT3                  
00000044  RTCTIM1                 
00000045  RTCNT4                  
00000046  BTCNT1                  
00000046  BTCNT12                 
00000047  BTCNT2                  
0000004c  RTCDATE                 
0000004c  RTCDAY                  
0000004d  RTCMON                  
0000004e  RTCYEAR                 
0000004e  RTCYEARL                
0000004f  RTCYEARH                
00000050  SCFI0                   
00000050  __STACK_SIZE            
00000051  SCFI1                   
00000052  SCFQCTL                 
00000053  FLL_CTL0                
00000054  FLL_CTL1                
00000056  SVSCTL                  
00000059  CACTL1                  
0000005a  CACTL2                  
0000005b  CAPD                    
0000005d  UCA0ABCTL               
0000005e  UCA0IRTCTL              
0000005f  UCA0IRRCTL              
00000060  UCA0CTL0                
00000061  UCA0CTL1                
00000062  UCA0BR0                 
00000063  UCA0BR1                 
00000064  UCA0MCTL                
00000065  UCA0STAT                
00000066  UCA0RXBUF               
00000067  UCA0TXBUF               
00000068  UCB0CTL0                
00000069  UCB0CTL1                
0000006a  UCB0BR0                 
0000006b  UCB0BR1                 
0000006c  UCB0I2CIE               
0000006d  UCB0STAT                
0000006e  UCB0RXBUF               
0000006f  UCB0TXBUF               
00000078  U1CTL                   
00000079  U1TCTL                  
0000007a  U1RCTL                  
0000007b  U1MCTL                  
0000007c  U1BR0                   
0000007d  U1BR1                   
0000007e  U1RXBUF                 
0000007f  U1TXBUF                 
00000080  ADC12MCTL0              
00000081  ADC12MCTL1              
00000082  ADC12MCTL2              
00000083  ADC12MCTL3              
00000084  ADC12MCTL4              
00000085  ADC12MCTL5              
00000086  ADC12MCTL6              
00000087  ADC12MCTL7              
00000088  ADC12MCTL8              
00000089  ADC12MCTL9              
0000008a  ADC12MCTL10             
0000008b  ADC12MCTL11             
0000008c  ADC12MCTL12             
0000008d  ADC12MCTL13             
0000008e  ADC12MCTL14             
0000008f  ADC12MCTL15             
00000090  LCDACTL                 
00000091  LCDM1                   
00000092  LCDM2                   
00000093  LCDM3                   
00000094  LCDM4                   
00000095  LCDM5                   
00000096  LCDM6                   
00000097  LCDM7                   
00000098  LCDM8                   
00000099  LCDM9                   
0000009a  LCDM10                  
0000009b  LCDM11                  
0000009c  LCDM12                  
0000009d  LCDM13                  
0000009e  LCDM14                  
0000009f  LCDM15                  
000000a0  LCDM16                  
000000a1  LCDM17                  
000000a2  LCDM18                  
000000a3  LCDM19                  
000000a4  LCDM20                  
000000ac  LCDAPCTL0               
000000ad  LCDAPCTL1               
000000ae  LCDAVCTL0               
000000af  LCDAVCTL1               
000000c0  OA0CTL0                 
000000c1  OA0CTL1                 
000000c2  OA1CTL0                 
000000c3  OA1CTL1                 
000000c4  OA2CTL0                 
000000c5  OA2CTL1                 
00000118  UCB0I2COA               
0000011a  UCB0I2CSA               
0000011e  TBIV                    
00000120  WDTCTL                  
00000122  DMACTL0                 
00000124  DMACTL1                 
00000126  DMAIV                   
00000128  FCTL1                   
0000012a  FCTL2                   
0000012c  FCTL3                   
0000012e  TAIV                    
00000130  MPY                     
00000132  MPYS                    
00000134  MAC                     
00000136  MACS                    
00000138  OP2                     
0000013a  RESLO                   
0000013c  RESHI                   
0000013e  SUMEXT                  
00000140  ADC12MEM0               
00000142  ADC12MEM1               
00000144  ADC12MEM2               
00000146  ADC12MEM3               
00000148  ADC12MEM4               
0000014a  ADC12MEM5               
0000014c  ADC12MEM6               
0000014e  ADC12MEM7               
00000150  ADC12MEM8               
00000152  ADC12MEM9               
00000154  ADC12MEM10              
00000156  ADC12MEM11              
00000158  ADC12MEM12              
0000015a  ADC12MEM13              
0000015c  ADC12MEM14              
0000015e  ADC12MEM15              
00000160  TACTL                   
00000162  TACCTL0                 
00000164  TACCTL1                 
00000166  TACCTL2                 
00000170  TAR                     
00000172  TACCR0                  
00000174  TACCR1                  
00000176  TACCR2                  
00000180  TBCTL                   
00000182  TBCCTL0                 
00000184  TBCCTL1                 
00000186  TBCCTL2                 
00000188  TBCCTL3                 
0000018a  TBCCTL4                 
0000018c  TBCCTL5                 
0000018e  TBCCTL6                 
00000190  TBR                     
00000192  TBCCR0                  
00000194  TBCCR1                  
00000196  TBCCR2                  
00000198  TBCCR3                  
0000019a  TBCCR4                  
0000019c  TBCCR5                  
0000019e  TBCCR6                  
000001a0  ADC12CTL0               
000001a2  ADC12CTL1               
000001a4  ADC12IFG                
000001a6  ADC12IE                 
000001a8  ADC12IV                 
000001c0  DAC12_0CTL              
000001c2  DAC12_1CTL              
000001c8  DAC12_0DAT              
000001ca  DAC12_1DAT              
000001d0  DMA0CTL                 
000001d2  DMA0SA                  
000001d2  DMA0SAL                 
000001d6  DMA0DA                  
000001d6  DMA0DAL                 
000001da  DMA0SZ                  
000001dc  DMA1CTL                 
000001de  DMA1SA                  
000001de  DMA1SAL                 
000001e2  DMA1DA                  
000001e2  DMA1DAL                 
000001e6  DMA1SZ                  
000001e8  DMA2CTL                 
000001ea  DMA2SA                  
000001ea  DMA2SAL                 
000001ee  DMA2DA                  
000001ee  DMA2DAL                 
000001f2  DMA2SZ                  
00001126  timer_flag              
000030b0  _stack                  
00003100  __STACK_END             
00003100  _c_int00_noargs_noexit  
0000311a  timer_isr               
0000312c  __TI_ISR_TRAP           
0000316a  lcd_char_map            
00003181  LCD_MAX_CHARS           
00003196  __TI_Handler_Table_Base 
0000319e  __TI_CINIT_Base         
0000319e  __TI_Handler_Table_Limit
000031ae  __TI_CINIT_Limit        
0000ffdc  __TI_int14              
0000ffde  __TI_int15              
0000ffe0  __TI_int16              
0000ffe2  __TI_int17              
0000ffe4  __TI_int18              
0000ffe6  __TI_int19              
0000ffe8  __TI_int20              
0000ffea  __TI_int21              
0000ffec  __TI_int22              
0000ffee  __TI_int23              
0000fff0  __TI_int24              
0000fff2  __TI_int25              
0000fff4  __TI_int26              
0000fff6  __TI_int27              
0000fff8  __TI_int28              
0000fffa  __TI_int29              
0000fffc  __TI_int30              
0000fffe  _reset_vector           
000102aa  main                    
0001050e  usart1_put_s32          
00010744  _auto_init_hold_wdt     
000107c6  wifi_send_data_frame    
0001089c  copy_in                 
00010964  dht11_get_measurements  
000109bc  __mspabi_divul          
000109bc  __mspabi_remul          
00010ab4  lcd_special_char        
00010af8  __mspabi_divli          
00010af8  __mspabi_remli          
00010b76  __mspabi_sral_15        
00010b7a  __mspabi_sral_14        
00010b7e  __mspabi_sral_13        
00010b82  __mspabi_sral_12        
00010b86  __mspabi_sral_11        
00010b8a  __mspabi_sral_10        
00010b8e  __mspabi_sral_9         
00010b92  __mspabi_sral_8         
00010b96  __mspabi_sral_7         
00010b9a  __mspabi_sral_6         
00010b9e  __mspabi_sral_5         
00010ba2  __mspabi_sral_4         
00010ba6  __mspabi_sral_3         
00010baa  __mspabi_sral_2         
00010bae  __mspabi_sral_1         
00010bb4  __mspabi_slll_15        
00010bb8  __mspabi_slll_14        
00010bbc  __mspabi_slll_13        
00010bc0  __mspabi_slll_12        
00010bc4  __mspabi_slll_11        
00010bc8  __mspabi_slll_10        
00010bcc  __mspabi_slll_9         
00010bd0  __mspabi_slll_8         
00010bd4  __mspabi_slll_7         
00010bd8  __mspabi_slll_6         
00010bdc  __mspabi_slll_5         
00010be0  __mspabi_slll_4         
00010be4  __mspabi_slll_3         
00010be8  __mspabi_slll_2         
00010bec  __mspabi_slll_1         
00010bf2  __mspabi_srll_15        
00010bf6  __mspabi_srll_14        
00010bfa  __mspabi_srll_13        
00010bfe  __mspabi_srll_12        
00010c02  __mspabi_srll_11        
00010c06  __mspabi_srll_10        
00010c0a  __mspabi_srll_9         
00010c0e  __mspabi_srll_8         
00010c12  __mspabi_srll_7         
00010c16  __mspabi_srll_6         
00010c1a  __mspabi_srll_5         
00010c1e  __mspabi_srll_4         
00010c22  __mspabi_srll_3         
00010c26  __mspabi_srll_2         
00010c2a  __mspabi_srll_1         
00010c30  __mspabi_srlll          
00010c6a  lcd_putchar             
00010ca0  bmp280_get_measurements 
00010cd4  __mspabi_mpyl_hw        
00010d06  usart1_init_38400       
00010d60  i2c_init                
00010d8c  lcd_init                
00010db8  __mspabi_divi           
00010db8  __mspabi_remi           
00010de4  set_mclk_8mhz           
00010e08  i2c_start               
00010e26  lcd_cls                 
00010e3e  __mspabi_mpyi_hw        
00010e56  i2c_read_byte           
00010e6c  __mspabi_divu           
00010e6c  __mspabi_remu           
00010e82  memcpy                  
00010e96  __TI_decompress_none    
00010ea8  timer_init              
00010eba  usart1_puts             
00010ecc  usart1_putc             
00010eda  i2c_stop                
00010ee6  i2c_write_byte          
00010ef2  bmp280_init             
00010efc  led_init                
00010f06  timer_callback          
00010f10  C$$EXIT                 
00010f10  abort                   
00010f16  __TI_decompress_rle24   
00010f1c  _system_pre_init        
00010f20  _system_post_cinit      
ffffffff  __TI_pprof_out_hndl     
ffffffff  __TI_prof_data_size     
ffffffff  __TI_prof_data_start    
ffffffff  __c_args__              
UNDEFED   __TI_BINIT_Base         
UNDEFED   __TI_BINIT_Limit        
UNDEFED   __TI_INITARRAY_Base     
UNDEFED   __TI_INITARRAY_Limit    

[372 symbols]
